Microchip MPLAB XC8 Compiler V1.42 ()

Linker command line:

-W-3 --edf=C:\Program Files (x86)\Microchip\xc8\v1.42\dat\en_msgs.txt -cs \
  -h+dist/default/production\16F18346_I2C2_1.X.production.sym \
  --cmf=dist/default/production\16F18346_I2C2_1.X.production.cmf -z \
  -Q16LF18346 -oC:\Users\rcd\AppData\Local\Temp\s9us.2 \
  -Mdist/default/production/16F18346_I2C2_1.X.production.map -E1 -ver=XC8 \
  -ASTACK=020EBh-026efh -pstack=STACK -ACODE=00h-07FFhx8 \
  -ASTRCODE=00h-03FFFh -ASTRING=00h-0FFhx64 -ACONST=00h-0FFhx64 \
  -AENTRY=00h-0FFhx64 -ACOMMON=070h-07Fh -ABANK0=020h-06Fh \
  -ABANK1=0A0h-0EFh -ABANK2=0120h-016Fh -ABANK3=01A0h-01EFh \
  -ABANK4=0220h-026Fh -ABANK5=02A0h-02EFh -ABANK6=0320h-036Fh \
  -ABANK7=03A0h-03EFh -ABANK8=0420h-046Fh -ABANK9=04A0h-04EFh \
  -ABANK10=0520h-056Fh -ABANK11=05A0h-05EFh -ABANK12=0620h-066Fh \
  -ABANK13=06A0h-06EFh -ABANK14=0720h-076Fh -ABANK15=07A0h-07EFh \
  -ABANK16=0820h-086Fh -ABANK17=08A0h-08EFh -ABANK18=0920h-096Fh \
  -ABANK19=09A0h-09EFh -ABANK20=0A20h-0A6Fh -ABANK21=0AA0h-0AEFh \
  -ABANK22=0B20h-0B6Fh -ABANK23=0BA0h-0BEFh -ABANK24=0C20h-0C6Fh \
  -ABANK25=0CA0h-0CBFh -ABIGRAM=02000h-027EFh \
  -ARAM=020h-06Fh,0A0h-0EFh,0120h-016Fh,01A0h-01EFh,0220h-026Fh,02A0h-02EFh,0320h-036Fh,03A0h-03EFh,0420h-046Fh,04A0h-04EFh,0520h-056Fh,05A0h-05EFh,0620h-066Fh,06A0h-06EFh,0720h-076Fh,07A0h-07EFh,0820h-086Fh,08A0h-08EFh,0920h-096Fh,09A0h-09EFh,0A20h-0A6Fh,0AA0h-0AEFh,0B20h-0B6Fh,0BA0h-0BEFh,0C20h-0C6Fh,0CA0h-0CBFh \
  -AABS1=020h-07Fh,0A0h-0EFh,0120h-016Fh,01A0h-01EFh,0220h-026Fh,02A0h-02EFh,0320h-036Fh,03A0h-03EFh,0420h-046Fh,04A0h-04EFh,0520h-056Fh,05A0h-05EFh,0620h-066Fh,06A0h-06EFh,0720h-076Fh,07A0h-07EFh,0820h-086Fh,08A0h-08EFh,0920h-096Fh,09A0h-09EFh,0A20h-0A6Fh,0AA0h-0AEFh,0B20h-0B6Fh,0BA0h-0BEFh,0C20h-0C6Fh,0CA0h-0CBFh \
  -ASFR0=00h-01Fh -ASFR1=080h-09Fh -ASFR2=0100h-011Fh -ASFR3=0180h-019Fh \
  -ASFR4=0200h-021Fh -ASFR5=0280h-029Fh -ASFR6=0300h-031Fh \
  -ASFR7=0380h-039Fh -ASFR8=0400h-041Fh -ASFR9=0480h-049Fh \
  -ASFR10=0500h-051Fh -ASFR11=0580h-059Fh -ASFR12=0600h-061Fh \
  -ASFR13=0680h-069Fh -ASFR14=0700h-071Fh -ASFR15=0780h-079Fh \
  -ASFR16=0800h-081Fh -ASFR17=0880h-089Fh -ASFR18=0900h-091Fh \
  -ASFR19=0980h-099Fh -ASFR20=0A00h-0A1Fh -ASFR21=0A80h-0A9Fh \
  -ASFR22=0B00h-0B1Fh -ASFR23=0B80h-0B9Fh -ASFR24=0C00h-0C1Fh \
  -ASFR25=0C80h-0C9Fh -ASFR26=0D00h-0D6Fh -ASFR27=0D80h-0DEFh \
  -ASFR28=0E00h-0E6Fh -ASFR29=0E80h-0EEFh -ASFR30=0F00h-0F6Fh \
  -ASFR31=0F80h-0FEFh -preset_vec=00h,intentry=04h,init,end_init \
  -ppowerup=CODE -pcinit=CODE -pfunctab=CODE -ACONFIG=08007h-0800Ah \
  -pconfig=CONFIG -DCONFIG=2 -AIDLOC=08000h-08003h -pidloc=IDLOC -DIDLOC=2 \
  -AEEDATA=00h-0FFh/0F000h -peeprom_data=EEDATA -DEEDATA=2 -DCODE=2 \
  -DSTRCODE=2 -DSTRING=2 -DCONST=2 -DENTRY=2 -k \
  C:\Users\rcd\AppData\Local\Temp\s9us.obj \
  dist/default/production\16F18346_I2C2_1.X.production.obj \
  build/default/production/a.obj 

Object code version is 3.11

Machine type is 16LF18346



                Name                               Link     Load   Length Selector   Space Scale
C:\Users\rcd\AppData\Local\Temp\s9us.obj
                end_init                             18       18        2        8       0
                reset_vec                             0        0        2        0       0
                config                             8007     8007        4    1000E       0
dist/default/production\16F18346_I2C2_1.X.production.obj
                cinit                                1A       1A       3C        8       0
                intentry                              4        4       14        8       0
                text53                              F82      F82       7E     1F04       0
                text52                             18DF     18DF       22     31BE       0
                text50                             1901     1901       22     3202       0
                text49                             1BB6     1BB6       45     376C       0
                text48                             189F     189F       20     313E       0
                text47                             194A     194A       28     3294       0
                text46                             1CE9     1CE9       5C     39D2       0
                text45                             1972     1972       28     32E4       0
                text44                             1923     1923       27     3246       0
                text43                             1B74     1B74       42     36E8       0
                text42                             1AF7     1AF7       3C     35EE       0
                text41                             1D45     1D45       74     3A8A       0
                text40                             19F3     19F3       2E     33E6       0
                text39                             1ABD     1ABD       3A     357A       0
                text38                             199A     199A       2C     3334       0
                text37                             1A21     1A21       32     3442       0
                text36                             1000     1000       30     1F04       0
                text35                             1804     1804       14     3008       0
                text34                             210A     210A        5     420A       0
                text33                             27A5     27A5        8     4F4A       0
                text32                             27F1     27F1        F     4FE2       0
                text31                             2105     2105        5     420A       0
                text30                             279E     279E        7     4F3C       0
                text29                             2774     2774        6     4EE8       0
                text28                             277A     277A        6     4EF4       0
                text27                             27AD     27AD        8     4F5A       0
                text26                             2780     2780        6     4F00       0
                text25                             1818     1818       1A     3030       0
                text24                             1C47     1C47       4F     388E       0
                text23                             2786     2786        6     4F0C       0
                text22                             278C     278C        6     4F18       0
                text21                             1B33     1B33       41     3666       0
                text20                             1883     1883       1C     3106       0
                text19                             2792     2792        6     4F24       0
                text18                             1A53     1A53       35     34A6       0
                text17                             1832     1832       1B     3064       0
                text16                             27C5     27C5        9     4F8A       0
                text15                             2113     2113        4     420A       0
                text14                             27CE     27CE        B     4F9C       0
                text13                             210F     210F        4     420A       0
                text12                              F73      F73        F     1EE6       0
                text11                             27B5     27B5        8     4F6A       0
                text10                             1BFB     1BFB       4C     37F6       0
                text9                              1800     1800        4     2060       0
                text8                              27BD     27BD        8     4F7A       0
                text7                              184D     184D       1B     309A       0
                text6                              1C96     1C96       53     392C       0
                text5                              18BF     18BF       20     317E       0
                text4                              1A88     1A88       35     3510       0
                text3                              19C6     19C6       2D     338C       0
                swtext1                            20F1     20F1        E     41E2       0
                text2                              1EB9     1EB9      147     3D72       0
                text1                              1868     1868       1B     30D0       0
                maintext                           1030     1030      7D0     2060       0
                cstackBANK0                          20       20       47       20       1
                cstackCOMMON                         70       70        8       70       1
                cstackBANK1                          C3       C3        F       A0       1
                cstackBANK2                         120      120       4B      120       1
                clrtext                            27D9     27D9        C     4FB2       0
                inittext                           27E5     27E5        C     4FCA       0
                dataBANK1                            D2       D2        6       A0       1
                bssBANK1                             A0       A0       23       A0       1
                bssBANK0                             67       67        9       20       1
                dataCOMMON                           7D       7D        1       70       1
                bssCOMMON                            78       78        5       70       1
                stringtext5                        2800     2800        D     5000       0
                stringtext4                        20DE     20DE       13     4000       0
                stringtext3                        20C0     20C0       1E     4000       0
                stringtext2                        2000     2000       C0     4000       0
                stringtext1                          56       56      F1B       AC       0
                idataBIGRAM                        1DB9     1DB9      100     3B72       0
                idataBANK1                         2798     2798        6     4F30       0
                idataCOMMON                           3        3        1        6       0
build/default/production/a.obj
                mytext                             2100     2100        5     2100       0

TOTAL           Name                               Link     Load   Length     Space
        CLASS   STACK          

        CLASS   CODE           
                end_init                             18       18        2         0
                cinit                                1A       1A       3C         0
                intentry                              4        4       14         0
                reset_vec                             0        0        2         0
                text53                              F82      F82       7E         0
                text52                             18DF     18DF       22         0
                text50                             1901     1901       22         0
                text49                             1BB6     1BB6       45         0
                text48                             189F     189F       20         0
                text47                             194A     194A       28         0
                text46                             1CE9     1CE9       5C         0
                text45                             1972     1972       28         0
                text44                             1923     1923       27         0
                text43                             1B74     1B74       42         0
                text42                             1AF7     1AF7       3C         0
                text41                             1D45     1D45       74         0
                text40                             19F3     19F3       2E         0
                text39                             1ABD     1ABD       3A         0
                text38                             199A     199A       2C         0
                text37                             1A21     1A21       32         0
                text36                             1000     1000       30         0
                text35                             1804     1804       14         0
                text34                             210A     210A        5         0
                text33                             27A5     27A5        8         0
                text32                             27F1     27F1        F         0
                text31                             2105     2105        5         0
                text30                             279E     279E        7         0
                text29                             2774     2774        6         0
                text28                             277A     277A        6         0
                text27                             27AD     27AD        8         0
                text26                             2780     2780        6         0
                text25                             1818     1818       1A         0
                text24                             1C47     1C47       4F         0
                text23                             2786     2786        6         0
                text22                             278C     278C        6         0
                text21                             1B33     1B33       41         0
                text20                             1883     1883       1C         0
                text19                             2792     2792        6         0
                text18                             1A53     1A53       35         0
                text17                             1832     1832       1B         0
                text16                             27C5     27C5        9         0
                text15                             2113     2113        4         0
                text14                             27CE     27CE        B         0
                text13                             210F     210F        4         0
                text12                              F73      F73        F         0
                text11                             27B5     27B5        8         0
                text10                             1BFB     1BFB       4C         0
                text9                              1800     1800        4         0
                text8                              27BD     27BD        8         0
                text7                              184D     184D       1B         0
                text6                              1C96     1C96       53         0
                text5                              18BF     18BF       20         0
                text4                              1A88     1A88       35         0
                text3                              19C6     19C6       2D         0
                text2                              1EB9     1EB9      147         0
                text1                              1868     1868       1B         0
                maintext                           1030     1030      7D0         0
                clrtext                            27D9     27D9        C         0
                inittext                           27E5     27E5        C         0
                idataBIGRAM                        1DB9     1DB9      100         0
                idataBANK1                         2798     2798        6         0
                idataCOMMON                           3        3        1         0

        CLASS   STRCODE        
                stringtext5                        2800     2800        D         0
                stringtext4                        20DE     20DE       13         0
                stringtext3                        20C0     20C0       1E         0
                stringtext2                        2000     2000       C0         0
                stringtext1                          56       56      F1B         0

        CLASS   STRING         
                mytext                             2100     2100        5         0

        CLASS   CONST          
                swtext1                            20F1     20F1        E         0

        CLASS   ENTRY          

        CLASS   COMMON         
                cstackCOMMON                         70       70        8         1
                dataCOMMON                           7D       7D        1         1
                bssCOMMON                            78       78        5         1

        CLASS   BANK0          
                cstackBANK0                          20       20       47         1
                bssBANK0                             67       67        9         1

        CLASS   BANK1          
                cstackBANK1                          C3       C3        F         1
                dataBANK1                            D2       D2        6         1
                bssBANK1                             A0       A0       23         1

        CLASS   BANK2          
                cstackBANK2                         120      120       4B         1

        CLASS   BANK3          

        CLASS   BANK4          

        CLASS   BANK5          

        CLASS   BANK6          

        CLASS   BANK7          

        CLASS   BANK8          

        CLASS   BANK9          

        CLASS   BANK10         

        CLASS   BANK11         

        CLASS   BANK12         

        CLASS   BANK13         

        CLASS   BANK14         

        CLASS   BANK15         

        CLASS   BANK16         

        CLASS   BANK17         

        CLASS   BANK18         

        CLASS   BANK19         

        CLASS   BANK20         

        CLASS   BANK21         

        CLASS   BANK22         

        CLASS   BANK23         

        CLASS   BANK24         

        CLASS   BANK25         

        CLASS   BIGRAM         

        CLASS   RAM            

        CLASS   ABS1           
                abs_s1                               7E       7E        2         1
                abs_s1                              B30      B30       40         1
                abs_s1                              BA0      BA0       50         1
                abs_s1                              C20      C20       50         1
                abs_s1                              CA0      CA0       20         1
                abs_s1                             26F0     26F0        0         1

        CLASS   SFR0           

        CLASS   SFR1           

        CLASS   SFR2           

        CLASS   SFR3           

        CLASS   SFR4           

        CLASS   SFR5           

        CLASS   SFR6           

        CLASS   SFR7           

        CLASS   SFR8           

        CLASS   SFR9           

        CLASS   SFR10          

        CLASS   SFR11          

        CLASS   SFR12          

        CLASS   SFR13          

        CLASS   SFR14          

        CLASS   SFR15          

        CLASS   SFR16          

        CLASS   SFR17          

        CLASS   SFR18          

        CLASS   SFR19          

        CLASS   SFR20          

        CLASS   SFR21          

        CLASS   SFR22          

        CLASS   SFR23          

        CLASS   SFR24          

        CLASS   SFR25          

        CLASS   SFR26          

        CLASS   SFR27          

        CLASS   SFR28          

        CLASS   SFR29          

        CLASS   SFR30          

        CLASS   SFR31          

        CLASS   CONFIG         
                config                             8007     8007        4         0

        CLASS   IDLOC          

        CLASS   EEDATA         

        CLASS   BANK31         

        CLASS   BANK30         

        CLASS   BANK29         

        CLASS   BANK28         

        CLASS   BANK27         

        CLASS   BANK26         



SEGMENTS        Name                           Load    Length   Top    Selector   Space  Class     Delta

                reset_vec                      000000  000002  000002         0       0  CODE        2
                idataCOMMON                    000003  000001  000004         6       0  CODE        2
                intentry                       000004  000052  000056         8       0  CODE        2
                cstackBANK0                    000020  000050  000070        20       1  BANK0       1
                cstackCOMMON                   000070  00000E  00007E        70       1  COMMON      1
                bssBANK1                       0000A0  000038  0000D8        A0       1  BANK1       1
                stringtext1                    000056  000F1B  000F71        AC       0  STRCODE     2
                cstackBANK2                    000120  00004B  00016B       120       1  BANK2       1
                text12                         000F73  00000F  000F82      1EE6       0  CODE        2
                text53                         000F82  0000AE  001030      1F04       0  CODE        2
                maintext                       001030  0007D4  001804      2060       0  CODE        2
                text35                         001804  000014  001818      3008       0  CODE        2
                text25                         001818  00001A  001832      3030       0  CODE        2
                text17                         001832  00001B  00184D      3064       0  CODE        2
                text7                          00184D  00001B  001868      309A       0  CODE        2
                text1                          001868  00001B  001883      30D0       0  CODE        2
                text20                         001883  00001C  00189F      3106       0  CODE        2
                text48                         00189F  000020  0018BF      313E       0  CODE        2
                text5                          0018BF  000020  0018DF      317E       0  CODE        2
                text52                         0018DF  000022  001901      31BE       0  CODE        2
                text50                         001901  000022  001923      3202       0  CODE        2
                text44                         001923  000027  00194A      3246       0  CODE        2
                text47                         00194A  000028  001972      3294       0  CODE        2
                text45                         001972  000028  00199A      32E4       0  CODE        2
                text38                         00199A  00002C  0019C6      3334       0  CODE        2
                text3                          0019C6  00002D  0019F3      338C       0  CODE        2
                text40                         0019F3  00002E  001A21      33E6       0  CODE        2
                text37                         001A21  000032  001A53      3442       0  CODE        2
                text18                         001A53  000035  001A88      34A6       0  CODE        2
                text4                          001A88  000035  001ABD      3510       0  CODE        2
                text39                         001ABD  00003A  001AF7      357A       0  CODE        2
                text42                         001AF7  00003C  001B33      35EE       0  CODE        2
                text21                         001B33  000041  001B74      3666       0  CODE        2
                text43                         001B74  000042  001BB6      36E8       0  CODE        2
                text49                         001BB6  000045  001BFB      376C       0  CODE        2
                text10                         001BFB  00004C  001C47      37F6       0  CODE        2
                text24                         001C47  00004F  001C96      388E       0  CODE        2
                text6                          001C96  000053  001CE9      392C       0  CODE        2
                text46                         001CE9  00005C  001D45      39D2       0  CODE        2
                text41                         001D45  000074  001DB9      3A8A       0  CODE        2
                idataBIGRAM                    001DB9  000100  001EB9      3B72       0  CODE        2
                text2                          001EB9  000147  002000      3D72       0  CODE        2
                stringtext2                    002000  0000F1  0020F1      4000       0  STRCODE     2
                swtext1                        0020F1  00000E  0020FF      41E2       0  CONST       2
                mytext                         002100  000005  002105      2100       0  STRING      2
                text31                         002105  000012  002117      420A       0  CODE        2
                text29                         002774  000006  00277A      4EE8       0  CODE        2
                text28                         00277A  000006  002780      4EF4       0  CODE        2
                text26                         002780  000006  002786      4F00       0  CODE        2
                text23                         002786  000006  00278C      4F0C       0  CODE        2
                text22                         00278C  000006  002792      4F18       0  CODE        2
                text19                         002792  000006  002798      4F24       0  CODE        2
                idataBANK1                     002798  000006  00279E      4F30       0  CODE        2
                text30                         00279E  000007  0027A5      4F3C       0  CODE        2
                text33                         0027A5  000008  0027AD      4F4A       0  CODE        2
                text27                         0027AD  000008  0027B5      4F5A       0  CODE        2
                text11                         0027B5  000008  0027BD      4F6A       0  CODE        2
                text8                          0027BD  000008  0027C5      4F7A       0  CODE        2
                text16                         0027C5  000009  0027CE      4F8A       0  CODE        2
                text14                         0027CE  00000B  0027D9      4F9C       0  CODE        2
                clrtext                        0027D9  00000C  0027E5      4FB2       0  CODE        2
                inittext                       0027E5  00000C  0027F1      4FCA       0  CODE        2
                text32                         0027F1  00000F  002800      4FE2       0  CODE        2
                stringtext5                    002800  00000D  00280D      5000       0  STRCODE     2
                config                         008007  000004  00800B     1000E       0  CONFIG      2


UNUSED ADDRESS RANGES

        Name                Unused          Largest block    Delta
        BANK1            000D8-000EF              18           1
        BANK10           00520-0056F              50           1
        BANK11           005A0-005EF              50           1
        BANK12           00620-0066F              50           1
        BANK13           006A0-006EF              50           1
        BANK14           00720-0076F              50           1
        BANK15           007A0-007EF              50           1
        BANK16           00820-0086F              50           1
        BANK17           008A0-008EF              50           1
        BANK18           00920-0096F              50           1
        BANK19           009A0-009EF              50           1
        BANK2            0016B-0016F               5           1
        BANK20           00A20-00A6F              50           1
        BANK21           00AA0-00AEF              50           1
        BANK22           00B20-00B2F              10           1
        BANK3            001A0-001EF              50           1
        BANK4            00220-0026F              50           1
        BANK5            002A0-002EF              50           1
        BANK6            00320-0036F              50           1
        BANK7            003A0-003EF              50           1
        BANK8            00420-0046F              50           1
        BANK9            004A0-004EF              50           1
        BIGRAM           02000-027EF             7F0           1
        CODE             00002-00002               1           2
                         00F71-00F72               2
                         020FF-020FF               1
                         02117-02773             65D
                         0280D-03FFF             800
        CONST            00002-00002               1           2
                         00F71-00F72               2
                         020FF-020FF               1
                         02117-02773             100
                         0280D-03FFF             100
        EEDATA           0F000-0F0FF             100           2
        ENTRY            00002-00002               1           2
                         00F71-00F72               2
                         020FF-020FF               1
                         02117-02773             100
                         0280D-03FFF             100
        IDLOC            08000-08003               4           2
        RAM              000D8-000EF              18           1
                         0016B-0016F               5
                         001A0-001EF              50
                         00220-0026F              50
                         002A0-002EF              50
                         00320-0036F              50
                         003A0-003EF              50
                         00420-0046F              50
                         004A0-004EF              50
                         00520-0056F              50
                         005A0-005EF              50
                         00620-0066F              50
                         006A0-006EF              50
                         00720-0076F              50
                         007A0-007EF              50
                         00820-0086F              50
                         008A0-008EF              50
                         00920-0096F              50
                         009A0-009EF              50
                         00A20-00A6F              50
                         00AA0-00AEF              50
                         00B20-00B2F              10
        SFR0             00000-0001F              20           1
        SFR1             00080-0009F              20           1
        SFR10            00500-0051F              20           1
        SFR11            00580-0059F              20           1
        SFR12            00600-0061F              20           1
        SFR13            00680-0069F              20           1
        SFR14            00700-0071F              20           1
        SFR15            00780-0079F              20           1
        SFR16            00800-0081F              20           1
        SFR17            00880-0089F              20           1
        SFR18            00900-0091F              20           1
        SFR19            00980-0099F              20           1
        SFR2             00100-0011F              20           1
        SFR20            00A00-00A1F              20           1
        SFR21            00A80-00A9F              20           1
        SFR22            00B00-00B1F              20           1
        SFR23            00B80-00B9F              20           1
        SFR24            00C00-00C1F              20           1
        SFR25            00C80-00C9F              20           1
        SFR26            00D00-00D6F              70           1
        SFR27            00D80-00DEF              70           1
        SFR28            00E00-00E6F              70           1
        SFR29            00E80-00EEF              70           1
        SFR3             00180-0019F              20           1
        SFR30            00F00-00F6F              70           1
        SFR31            00F80-00FEF              70           1
        SFR4             00200-0021F              20           1
        SFR5             00280-0029F              20           1
        SFR6             00300-0031F              20           1
        SFR7             00380-0039F              20           1
        SFR8             00400-0041F              20           1
        SFR9             00480-0049F              20           1
        STACK            020EB-026EF             605           1
        STRCODE          00002-00002               1           2
                         00F71-00F72               2
                         020FF-020FF               1
                         02117-02773             65D
                         0280D-03FFF            17F3
        STRING           00002-00002               1           2
                         00F71-00F72               2
                         020FF-020FF               1
                         02117-02773             100
                         0280D-03FFF             100

                                  Symbol Table

?_FLASH_ReadWord                     cstackBANK0  00020
?_GE_I2C2_AddrWrite                  cstackBANK0  0002E
?_GE_I2C2_ByteHLRead                 cstackBANK0  00052
?_GE_I2C2_ByteWrite                  cstackBANK0  0002E
?_GE_I2C2_HexRead                    cstackBANK0  00052
?_MDIO_read                          cstackBANK0  0002B
?_MDIO_read_value                    cstackBANK0  00023
?___lldiv                            cstackBANK0  00020
?___lwdiv                            cstackBANK0  00020
?___lwmod                            cstackBANK0  00020
?_bitset                             cstackBANK0  00020
?_getShortFrom14Arry                 cstackBANK0  00028
DATAEE_WriteByte@GIEBitValue         cstackBANK0  00023
DATAEE_WriteByte@bAdd                cstackBANK0  00020
DATAEE_WriteByte@bData               cstackBANK0  00022
FLASH_ReadWord@GIEBitValue           cstackBANK0  00022
FLASH_ReadWord@flashAddr             cstackBANK0  00020
GE_I2C2_AddrWrite@addlen             cstackBANK0  0002E
GE_I2C2_AddrWrite@buflen             cstackBANK0  00045
GE_I2C2_AddrWrite@dataAddress        cstackBANK0  00046
GE_I2C2_AddrWrite@i                  cstackBANK0  00047
GE_I2C2_AddrWrite@status             cstackBANK0  00049
GE_I2C2_AddrWrite@writeBuffer        cstackBANK0  00032
GE_I2C2_ByteHLRead@F8048             bssBANK1     000A2
GE_I2C2_ByteHLRead@F8050             bssBANK1     000A0
GE_I2C2_ByteHLRead@RegAddrH          cstackBANK0  00057
GE_I2C2_ByteHLRead@RegAddrL          cstackBANK0  00052
GE_I2C2_ByteHLRead@RegValue          cstackBANK0  0005A
GE_I2C2_ByteHLRead@dataAddr          cstackBANK0  00058
GE_I2C2_ByteHLRead@dataValue         cstackBANK0  0005C
GE_I2C2_ByteHLWrite@F8041            bssBANK1     000A6
GE_I2C2_ByteHLWrite@F8043            bssBANK1     000A4
GE_I2C2_ByteHLWrite@RegAddrH         cstackBANK0  0004F
GE_I2C2_ByteHLWrite@RegAddrL         cstackBANK0  0004A
GE_I2C2_ByteHLWrite@RegValueH        cstackBANK0  0004B
GE_I2C2_ByteHLWrite@RegValueL        cstackBANK0  0004C
GE_I2C2_ByteHLWrite@dataAddr         cstackBANK0  00050
GE_I2C2_ByteHLWrite@dataValue        cstackBANK0  00052
GE_I2C2_ByteRead@addlen              cstackBANK0  0004B
GE_I2C2_ByteRead@check               cstackBANK0  0004E
GE_I2C2_ByteRead@data2Byte           cstackBANK0  0004A
GE_I2C2_ByteRead@dataAddress         cstackBANK0  00050
GE_I2C2_ByteRead@status              cstackBANK0  00051
GE_I2C2_ByteWrite@addlen             cstackBANK0  0002F
GE_I2C2_ByteWrite@buflen             cstackBANK0  00045
GE_I2C2_ByteWrite@data2Byte          cstackBANK0  0002E
GE_I2C2_ByteWrite@dataAddress        cstackBANK0  00046
GE_I2C2_ByteWrite@i                  cstackBANK0  00047
GE_I2C2_ByteWrite@status             cstackBANK0  00049
GE_I2C2_ByteWrite@writeBuffer        cstackBANK0  00032
GE_I2C2_HexRead@F8033                bssBANK1     000AA
GE_I2C2_HexRead@F8035                bssBANK1     000A8
GE_I2C2_HexRead@RegAddr              cstackBANK0  00052
GE_I2C2_HexRead@RegValue             cstackBANK0  00059
GE_I2C2_HexRead@dataAddr             cstackBANK0  00057
GE_I2C2_HexRead@dataValue            cstackBANK0  0005B
GE_I2C2_HexWrite@F8027               bssBANK1     000AE
GE_I2C2_HexWrite@F8029               bssBANK1     000AC
GE_I2C2_HexWrite@RegAddr             cstackBANK0  0004A
GE_I2C2_HexWrite@RegValue            cstackBANK0  0004C
GE_I2C2_HexWrite@dataAddr            cstackBANK0  00050
GE_I2C2_HexWrite@dataValue           cstackBANK0  00052
GE_I2C2_bitset@addr                  cstackBANK0  0005D
GE_I2C2_bitset@lbit                  cstackBANK0  00061
GE_I2C2_bitset@new_value             cstackBANK0  0005F
GE_I2C2_bitset@readout               cstackBANK0  00065
GE_I2C2_bitset@width                 cstackBANK0  00063
I2C1_ISR@i2c_data                    cstackCOMMON 00076
I2C1_StatusCallback@eepromAddress    bssBANK1     000B0
I2C1_StatusCallback@i2c_bus_state    cstackCOMMON 00074
I2C1_StatusCallback@slaveWriteType   bssBANK1     000B4
I2C2_ISR@i2c_10bit_address_restart   bssBANK0     0006D
I2C2_ISR@i2c_address                 bssCOMMON    0007B
I2C2_ISR@i2c_bytes_left              bssBANK0     0006E
I2C2_ISR@pi2c_buf_ptr                bssBANK1     000B2
I2C2_MasterRead@address              cstackBANK0  0002B
I2C2_MasterRead@length               cstackBANK0  0002A
I2C2_MasterRead@pdata                cstackBANK0  00028
I2C2_MasterRead@pflag                cstackBANK0  0002D
I2C2_MasterRead@trBlock              bssBANK1     000B5
I2C2_MasterReadTRBBuild@address      cstackBANK0  00023
I2C2_MasterReadTRBBuild@length       cstackBANK0  00022
I2C2_MasterReadTRBBuild@pdata        cstackBANK0  00020
I2C2_MasterReadTRBBuild@ptrb         cstackBANK0  00027
I2C2_MasterTRBInsert@count           cstackBANK0  00023
I2C2_MasterTRBInsert@pflag           cstackBANK0  00021
I2C2_MasterTRBInsert@ptrb_list       cstackBANK0  00020
I2C2_MasterWrite@address             cstackBANK0  00028
I2C2_MasterWrite@length              cstackBANK0  00027
I2C2_MasterWrite@pdata               cstackBANK0  0002D
I2C2_MasterWrite@pflag               cstackBANK0  0002A
I2C2_MasterWrite@trBlock             bssBANK1     000BA
I2C2_MasterWriteTRBBuild@address     cstackBANK0  00022
I2C2_MasterWriteTRBBuild@length      cstackBANK0  00021
I2C2_MasterWriteTRBBuild@pdata       cstackBANK0  00020
I2C2_MasterWriteTRBBuild@ptrb        cstackBANK0  00026
MDIO_Idle@i                          cstackBANK0  00021
MDIO_adder_reg@byte                  cstackBANK0  00021
MDIO_adder_reg@i                     cstackBANK0  00022
MDIO_read@DEVADDER                   cstackBANK0  0002B
MDIO_read@PHYADDER                   cstackBANK0  0002F
MDIO_read@regAddr                    cstackBANK0  0002C
MDIO_read_value@DEVADDER             cstackBANK0  00023
MDIO_read_value@PHYADDER             cstackBANK0  00026
MDIO_read_value@i                    cstackBANK0  00027
MDIO_read_value@tmp                  cstackBANK0  00029
MDIO_write@DEVADDER                  cstackBANK0  00029
MDIO_write@PHYADDER                  cstackBANK0  0002F
MDIO_write@regAddr                   cstackBANK0  0002A
MDIO_write@regData                   cstackBANK0  0002C
MDIO_write_regAddr@DEVADDER          cstackBANK0  00023
MDIO_write_regAddr@PHYADDER          cstackBANK0  00026
MDIO_write_regAddr@i                 cstackBANK0  00027
MDIO_write_regAddr@regData           cstackBANK0  00024
MDIO_write_value@DEVADDER            cstackBANK0  00023
MDIO_write_value@PHYADDER            cstackBANK0  00026
MDIO_write_value@i                   cstackBANK0  00027
MDIO_write_value@regData             cstackBANK0  00024
PIN_MANAGER_Initialize@state         cstackBANK0  00020
_ADACT                               (abs)        0009F
_ADCON0                              (abs)        0009D
_ADCON0bits                          (abs)        0009D
_ADCON1                              (abs)        0009E
_ADC_Initialize                      text16       027C5
_ADRESH                              (abs)        0009C
_ADRESL                              (abs)        0009B
_ANSELA                              (abs)        0018C
_ANSELB                              (abs)        0018D
_ANSELC                              (abs)        0018E
_BAUD1CON                            (abs)        0019F
_CLKRCON                             (abs)        0039A
_CLKREF_Initialize                   text15       02113
_DATAEE_WriteByte                    text50       01901
_EEPROM_Buffer                       (abs)        026F0
_EUSART_Initialize                   text14       027CE
_FLASH_ReadWord                      text5        018BF
_FVRCON                              (abs)        00117
_FVRCONbits                          (abs)        00117
_FVR_Initialize                      text13       0210F
_GE_I2C2_AddrWrite                   text46       01CE9
_GE_I2C2_ByteHLRead                  text42       01AF7
_GE_I2C2_ByteHLWrite                 text40       019F3
_GE_I2C2_ByteRead                    text43       01B74
_GE_I2C2_ByteWrite                   text41       01D45
_GE_I2C2_HexRead                     text39       01ABD
_GE_I2C2_HexWrite                    text38       0199A
_GE_I2C2_bitset                      text36       01000
_GE_set_polarity                     text35       01804
_GIE                                 (abs)        0005F
_I2C1_ISR                            text52       018DF
_I2C1_Initialize                     text12       00F73
_I2C1_StatusCallback                 text53       00F82
_I2C1_slaveWriteData                 dataCOMMON   0007D
_I2C2_MasterRead                     text44       01923
_I2C2_MasterReadTRBBuild             text45       01972
_I2C2_MasterTRBInsert                text49       01BB6
_I2C2_MasterWrite                    text47       0194A
_I2C2_MasterWriteTRBBuild            text48       0189F
_INTCONbits                          (abs)        0000B
_INTERRUPT_InterruptManager          intentry     00004
_LATA                                (abs)        0010C
_LATB                                (abs)        0010D
_LATBbits                            (abs)        0010D
_LATC                                (abs)        0010E
_LATCbits                            (abs)        0010E
_MDIO_Clock_01                       text30       0279E
_MDIO_Data_0                         text27       027AD
_MDIO_Data_1                         text33       027A5
_MDIO_IN                             text34       0210A
_MDIO_Idle                           text32       027F1
_MDIO_OUT                            text31       02105
_MDIO_R_TA                           text29       02774
_MDIO_R_opcode                       text28       0277A
_MDIO_Start                          text26       02780
_MDIO_W_TA                           text23       02786
_MDIO_W_reg_opcode                   text22       0278C
_MDIO_W_val_opcode                   text19       02792
_MDIO_adder_reg                      text25       01818
_MDIO_read                           text20       01883
_MDIO_read_value                     text24       01C47
_MDIO_write                          text17       01832
_MDIO_write_regAddr                  text21       01B33
_MDIO_write_value                    text18       01A53
_NVMADRH                             (abs)        00892
_NVMADRL                             (abs)        00891
_NVMCON1bits                         (abs)        00895
_NVMCON2                             (abs)        00896
_NVMDATH                             (abs)        00894
_NVMDATL                             (abs)        00893
_ODCONA                              (abs)        0028C
_ODCONB                              (abs)        0028D
_ODCONC                              (abs)        0028E
_OSCCON1                             (abs)        00919
_OSCCON3                             (abs)        0091B
_OSCEN                               (abs)        0091D
_OSCFRQ                              (abs)        0091F
_OSCILLATOR_Initialize               text11       027B5
_OSCTUNE                             (abs)        0091E
_PIE1bits                            (abs)        00091
_PIE2bits                            (abs)        00092
_PIN_MANAGER_Initialize              text10       01BFB
_PIR1bits                            (abs)        00011
_PIR2bits                            (abs)        00012
_PORTBbits                           (abs)        0000D
_PPSLOCK                             (abs)        00E0F
_PPSLOCKbits                         (abs)        00E0F
_RA4PPSbits                          (abs)        00E94
_RB4PPSbits                          (abs)        00E9C
_RB6PPSbits                          (abs)        00E9E
_RC1REG                              (abs)        00199
_RC1STA                              (abs)        0019D
_RC1STAbits                          (abs)        0019D
_RC4PPSbits                          (abs)        00EA4
_SP1BRGH                             (abs)        0019C
_SP1BRGL                             (abs)        0019B
_SSP1ADD                             (abs)        00212
_SSP1BUF                             (abs)        00211
_SSP1CLKPPSbits                      (abs)        00E20
_SSP1CON1                            (abs)        00215
_SSP1CON1bits                        (abs)        00215
_SSP1CON2                            (abs)        00216
_SSP1CON2bits                        (abs)        00216
_SSP1CON3                            (abs)        00217
_SSP1DATPPSbits                      (abs)        00E21
_SSP1MSK                             (abs)        00213
_SSP1STAT                            (abs)        00214
_SSP1STATbits                        (abs)        00214
_SSP2ADD                             (abs)        0021A
_SSP2BUF                             (abs)        00219
_SSP2CON1                            (abs)        0021D
_SSP2CON1bits                        (abs)        0021D
_SSP2CON2bits                        (abs)        0021E
_SSP2CON3                            (abs)        0021F
_SSP2STAT                            (abs)        0021C
_SYSTEM_Initialize                   text7        0184D
_TRISA                               (abs)        0008C
_TRISB                               (abs)        0008D
_TRISC                               (abs)        0008E
_TX1REG                              (abs)        0019A
_TX1STA                              (abs)        0019E
_WDTCON                              (abs)        00097
_WDT_Initialize                      text9        01800
_WPUA                                (abs)        0020C
_WPUB                                (abs)        0020D
_WPUC                                (abs)        0020E
__CFG_BOREN$ON                       (abs)        00000
__CFG_BORV$LOW                       (abs)        00000
__CFG_CLKOUTEN$OFF                   (abs)        00000
__CFG_CP$OFF                         (abs)        00000
__CFG_CPD$OFF                        (abs)        00000
__CFG_CSWEN$ON                       (abs)        00000
__CFG_DEBUG$OFF                      (abs)        00000
__CFG_FCMEN$ON                       (abs)        00000
__CFG_FEXTOSC$OFF                    (abs)        00000
__CFG_LPBOREN$OFF                    (abs)        00000
__CFG_LVP$ON                         (abs)        00000
__CFG_MCLRE$ON                       (abs)        00000
__CFG_PPS1WAY$ON                     (abs)        00000
__CFG_PWRTE$ON                       (abs)        00000
__CFG_RSTOSC$HFINT32                 (abs)        00000
__CFG_STVREN$ON                      (abs)        00000
__CFG_WDTE$OFF                       (abs)        00000
__CFG_WRT$OFF                        (abs)        00000
__Habs1                              abs1         00000
__Hbank0                             bank0        00000
__Hbank1                             bank1        00000
__Hbank10                            bank10       00000
__Hbank11                            bank11       00000
__Hbank12                            bank12       00000
__Hbank13                            bank13       00000
__Hbank14                            bank14       00000
__Hbank15                            bank15       00000
__Hbank16                            bank16       00000
__Hbank17                            bank17       00000
__Hbank18                            bank18       00000
__Hbank19                            bank19       00000
__Hbank2                             bank2        00000
__Hbank20                            bank20       00000
__Hbank21                            bank21       00000
__Hbank22                            bank22       00000
__Hbank23                            bank23       00000
__Hbank24                            bank24       00000
__Hbank25                            bank25       00000
__Hbank26                            bank26       00000
__Hbank27                            bank27       00000
__Hbank28                            bank28       00000
__Hbank29                            bank29       00000
__Hbank3                             bank3        00000
__Hbank30                            bank30       00000
__Hbank31                            bank31       00000
__Hbank4                             bank4        00000
__Hbank5                             bank5        00000
__Hbank6                             bank6        00000
__Hbank7                             bank7        00000
__Hbank8                             bank8        00000
__Hbank9                             bank9        00000
__Hbigram                            bigram       00000
__HbssBANK0                          bssBANK0     00000
__HbssBANK1                          bssBANK1     00000
__HbssCOMMON                         bssCOMMON    00000
__Hcinit                             cinit        00056
__Hclrtext                           clrtext      00000
__Hcode                              code         00000
__Hcommon                            common       00000
__Hconfig                            config       0800B
__HcstackBANK0                       cstackBANK0  00000
__HcstackBANK1                       cstackBANK1  00000
__HcstackBANK2                       cstackBANK2  00000
__HcstackCOMMON                      cstackCOMMON 00000
__HdataBANK1                         dataBANK1    00000
__HdataCOMMON                        dataCOMMON   00000
__Heeprom_data                       eeprom_data  00000
__Hend_init                          end_init     0001A
__Hfunctab                           functab      00000
__HidataBANK1                        idataBANK1   00000
__HidataBIGRAM                       idataBIGRAM  00000
__HidataCOMMON                       idataCOMMON  00000
__Hidloc                             idloc        00000
__Hinit                              init         00018
__Hinittext                          inittext     00000
__Hintentry                          intentry     00018
__Hmaintext                          maintext     00000
__Hpowerup                           powerup      00000
__Hram                               ram          00000
__Hreset_vec                         reset_vec    00002
__Hsfr0                              sfr0         00000
__Hsfr1                              sfr1         00000
__Hsfr10                             sfr10        00000
__Hsfr11                             sfr11        00000
__Hsfr12                             sfr12        00000
__Hsfr13                             sfr13        00000
__Hsfr14                             sfr14        00000
__Hsfr15                             sfr15        00000
__Hsfr16                             sfr16        00000
__Hsfr17                             sfr17        00000
__Hsfr18                             sfr18        00000
__Hsfr19                             sfr19        00000
__Hsfr2                              sfr2         00000
__Hsfr20                             sfr20        00000
__Hsfr21                             sfr21        00000
__Hsfr22                             sfr22        00000
__Hsfr23                             sfr23        00000
__Hsfr24                             sfr24        00000
__Hsfr25                             sfr25        00000
__Hsfr26                             sfr26        00000
__Hsfr27                             sfr27        00000
__Hsfr28                             sfr28        00000
__Hsfr29                             sfr29        00000
__Hsfr3                              sfr3         00000
__Hsfr30                             sfr30        00000
__Hsfr31                             sfr31        00000
__Hsfr4                              sfr4         00000
__Hsfr5                              sfr5         00000
__Hsfr6                              sfr6         00000
__Hsfr7                              sfr7         00000
__Hsfr8                              sfr8         00000
__Hsfr9                              sfr9         00000
__Hspace_0                           (abs)        0800B
__Hspace_1                           (abs)        0016B
__Hspace_2                           (abs)        00000
__Hspace_3                           (abs)        00000
__Hstack                             stack        00000
__Hstrings                           strings      00000
__Hstringtext1                       stringtext1  00000
__Hstringtext2                       stringtext2  00000
__Hstringtext3                       stringtext3  00000
__Hstringtext4                       stringtext4  00000
__Hstringtext5                       stringtext5  00000
__Hstringtext6                       stringtext6  00000
__Htext                              text         00000
__Labs1                              abs1         00000
__Lbank0                             bank0        00000
__Lbank1                             bank1        00000
__Lbank10                            bank10       00000
__Lbank11                            bank11       00000
__Lbank12                            bank12       00000
__Lbank13                            bank13       00000
__Lbank14                            bank14       00000
__Lbank15                            bank15       00000
__Lbank16                            bank16       00000
__Lbank17                            bank17       00000
__Lbank18                            bank18       00000
__Lbank19                            bank19       00000
__Lbank2                             bank2        00000
__Lbank20                            bank20       00000
__Lbank21                            bank21       00000
__Lbank22                            bank22       00000
__Lbank23                            bank23       00000
__Lbank24                            bank24       00000
__Lbank25                            bank25       00000
__Lbank26                            bank26       00000
__Lbank27                            bank27       00000
__Lbank28                            bank28       00000
__Lbank29                            bank29       00000
__Lbank3                             bank3        00000
__Lbank30                            bank30       00000
__Lbank31                            bank31       00000
__Lbank4                             bank4        00000
__Lbank5                             bank5        00000
__Lbank6                             bank6        00000
__Lbank7                             bank7        00000
__Lbank8                             bank8        00000
__Lbank9                             bank9        00000
__Lbigram                            bigram       00000
__LbssBANK0                          bssBANK0     00000
__LbssBANK1                          bssBANK1     00000
__LbssCOMMON                         bssCOMMON    00000
__Lcinit                             cinit        0001A
__Lclrtext                           clrtext      00000
__Lcode                              code         00000
__Lcommon                            common       00000
__Lconfig                            config       08007
__LcstackBANK0                       cstackBANK0  00000
__LcstackBANK1                       cstackBANK1  00000
__LcstackBANK2                       cstackBANK2  00000
__LcstackCOMMON                      cstackCOMMON 00000
__LdataBANK1                         dataBANK1    00000
__LdataCOMMON                        dataCOMMON   00000
__Leeprom_data                       eeprom_data  00000
__Lend_init                          end_init     00018
__Lfunctab                           functab      00000
__LidataBANK1                        idataBANK1   00000
__LidataBIGRAM                       idataBIGRAM  00000
__LidataCOMMON                       idataCOMMON  00000
__Lidloc                             idloc        00000
__Linit                              init         00018
__Linittext                          inittext     00000
__Lintentry                          intentry     00004
__Lmaintext                          maintext     00000
__Lpowerup                           powerup      00000
__Lram                               ram          00000
__Lreset_vec                         reset_vec    00000
__Lsfr0                              sfr0         00000
__Lsfr1                              sfr1         00000
__Lsfr10                             sfr10        00000
__Lsfr11                             sfr11        00000
__Lsfr12                             sfr12        00000
__Lsfr13                             sfr13        00000
__Lsfr14                             sfr14        00000
__Lsfr15                             sfr15        00000
__Lsfr16                             sfr16        00000
__Lsfr17                             sfr17        00000
__Lsfr18                             sfr18        00000
__Lsfr19                             sfr19        00000
__Lsfr2                              sfr2         00000
__Lsfr20                             sfr20        00000
__Lsfr21                             sfr21        00000
__Lsfr22                             sfr22        00000
__Lsfr23                             sfr23        00000
__Lsfr24                             sfr24        00000
__Lsfr25                             sfr25        00000
__Lsfr26                             sfr26        00000
__Lsfr27                             sfr27        00000
__Lsfr28                             sfr28        00000
__Lsfr29                             sfr29        00000
__Lsfr3                              sfr3         00000
__Lsfr30                             sfr30        00000
__Lsfr31                             sfr31        00000
__Lsfr4                              sfr4         00000
__Lsfr5                              sfr5         00000
__Lsfr6                              sfr6         00000
__Lsfr7                              sfr7         00000
__Lsfr8                              sfr8         00000
__Lsfr9                              sfr9         00000
__Lspace_0                           (abs)        00000
__Lspace_1                           (abs)        00000
__Lspace_2                           (abs)        00000
__Lspace_3                           (abs)        00000
__Lstack                             stack        00000
__Lstrings                           strings      00000
__Lstringtext1                       stringtext1  00000
__Lstringtext2                       stringtext2  00000
__Lstringtext3                       stringtext3  00000
__Lstringtext4                       stringtext4  00000
__Lstringtext5                       stringtext5  00000
__Lstringtext6                       stringtext6  00000
__Ltext                              text         00000
__S0                                 (abs)        0800B
__S1                                 (abs)        0016B
__S2                                 (abs)        00000
__S3                                 (abs)        00000
___int_sp                            stack        00000
___latbits                           (abs)        00003
___lldiv                             text6        01C96
___lldiv@counter                     cstackBANK0  0002D
___lldiv@dividend                    cstackBANK0  00024
___lldiv@divisor                     cstackBANK0  00020
___lldiv@quotient                    cstackBANK0  00029
___lwdiv                             text4        01A88
___lwdiv@counter                     cstackBANK0  00027
___lwdiv@dividend                    cstackBANK0  00022
___lwdiv@divisor                     cstackBANK0  00020
___lwdiv@quotient                    cstackBANK0  00025
___lwmod                             text3        019C6
___lwmod@counter                     cstackBANK0  00025
___lwmod@dividend                    cstackBANK0  00022
___lwmod@divisor                     cstackBANK0  00020
___sp                                stack        00000
__end_of_ADC_Initialize              text16       027CE
__end_of_CLKREF_Initialize           text15       02117
__end_of_DATAEE_WriteByte            text50       01923
__end_of_EUSART_Initialize           text14       027D9
__end_of_FLASH_ReadWord              text5        018DF
__end_of_FVR_Initialize              text13       02113
__end_of_GE_I2C2_AddrWrite           text46       01D45
__end_of_GE_I2C2_ByteHLRead          text42       01B33
__end_of_GE_I2C2_ByteHLWrite         text40       01A21
__end_of_GE_I2C2_ByteRead            text43       01BB6
__end_of_GE_I2C2_ByteWrite           text41       01DB9
__end_of_GE_I2C2_HexRead             text39       01AF7
__end_of_GE_I2C2_HexWrite            text38       019C6
__end_of_GE_I2C2_bitset              text36       01030
__end_of_GE_set_polarity             text35       01818
__end_of_I2C1_ISR                    text52       01901
__end_of_I2C1_Initialize             text12       00F82
__end_of_I2C1_StatusCallback         text53       01000
__end_of_I2C2_MasterRead             text44       0194A
__end_of_I2C2_MasterReadTRBBuild     text45       0199A
__end_of_I2C2_MasterTRBInsert        text49       01BFB
__end_of_I2C2_MasterWrite            text47       01972
__end_of_I2C2_MasterWriteTRBBuild    text48       018BF
__end_of_INTERRUPT_InterruptManager  intentry     00018
__end_of_MDIO_Clock_01               text30       027A5
__end_of_MDIO_Data_0                 text27       027B5
__end_of_MDIO_Data_1                 text33       027AD
__end_of_MDIO_IN                     text34       0210F
__end_of_MDIO_Idle                   text32       02800
__end_of_MDIO_OUT                    text31       0210A
__end_of_MDIO_R_TA                   text29       0277A
__end_of_MDIO_R_opcode               text28       02780
__end_of_MDIO_Start                  text26       02786
__end_of_MDIO_W_TA                   text23       0278C
__end_of_MDIO_W_reg_opcode           text22       02792
__end_of_MDIO_W_val_opcode           text19       02798
__end_of_MDIO_adder_reg              text25       01832
__end_of_MDIO_read                   text20       0189F
__end_of_MDIO_read_value             text24       01C96
__end_of_MDIO_write                  text17       0184D
__end_of_MDIO_write_regAddr          text21       01B74
__end_of_MDIO_write_value            text18       01A88
__end_of_OSCILLATOR_Initialize       text11       027BD
__end_of_PIN_MANAGER_Initialize      text10       01C47
__end_of_SYSTEM_Initialize           text7        01868
__end_of_WDT_Initialize              text9        01804
__end_of___lldiv                     text6        01CE9
__end_of___lwdiv                     text4        01ABD
__end_of___lwmod                     text3        019F3
__end_of__initialization             cinit        00052
__end_of_bitset                      text37       01A53
__end_of_fw_content                  stringtext1  00F71
__end_of_getShortFrom14Arry          text2        02000
__end_of_main                        maintext     01800
__end_of_mdio_init                   text8        027C5
__end_of_script_content              stringtext2  020A0
__end_of_uart_send_char              text1        01883
__initialization                     cinit        0001A
__pbssBANK0                          bssBANK0     00067
__pbssBANK1                          bssBANK1     000A0
__pbssCOMMON                         bssCOMMON    00078
__pcstackBANK0                       cstackBANK0  00020
__pcstackBANK1                       cstackBANK1  000C3
__pcstackBANK2                       cstackBANK2  00120
__pcstackCOMMON                      cstackCOMMON 00070
__pdataBANK1                         dataBANK1    000D2
__pdataBIGRAM                        (abs)        026F0
__pdataCOMMON                        dataCOMMON   0007D
__pidataBANK1                        idataBANK1   02798
__pidataBIGRAM                       idataBIGRAM  01DB9
__pidataCOMMON                       idataCOMMON  00003
__pintentry                          intentry     00004
__pmaintext                          maintext     01030
__pstringtext1                       stringtext1  00056
__pstringtext2                       stringtext2  02000
__pstringtext3                       stringtext3  020C0
__pstringtext4                       stringtext4  020DE
__pstringtext5                       stringtext5  02800
__pstringtext6                       stringtext6  00000
__pswtext1                           swtext1      020F1
__ptext1                             text1        01868
__ptext10                            text10       01BFB
__ptext11                            text11       027B5
__ptext12                            text12       00F73
__ptext13                            text13       0210F
__ptext14                            text14       027CE
__ptext15                            text15       02113
__ptext16                            text16       027C5
__ptext17                            text17       01832
__ptext18                            text18       01A53
__ptext19                            text19       02792
__ptext2                             text2        01EB9
__ptext20                            text20       01883
__ptext21                            text21       01B33
__ptext22                            text22       0278C
__ptext23                            text23       02786
__ptext24                            text24       01C47
__ptext25                            text25       01818
__ptext26                            text26       02780
__ptext27                            text27       027AD
__ptext28                            text28       0277A
__ptext29                            text29       02774
__ptext3                             text3        019C6
__ptext30                            text30       0279E
__ptext31                            text31       02105
__ptext32                            text32       027F1
__ptext33                            text33       027A5
__ptext34                            text34       0210A
__ptext35                            text35       01804
__ptext36                            text36       01000
__ptext37                            text37       01A21
__ptext38                            text38       0199A
__ptext39                            text39       01ABD
__ptext4                             text4        01A88
__ptext40                            text40       019F3
__ptext41                            text41       01D45
__ptext42                            text42       01AF7
__ptext43                            text43       01B74
__ptext44                            text44       01923
__ptext45                            text45       01972
__ptext46                            text46       01CE9
__ptext47                            text47       0194A
__ptext48                            text48       0189F
__ptext49                            text49       01BB6
__ptext5                             text5        018BF
__ptext50                            text50       01901
__ptext52                            text52       018DF
__ptext53                            text53       00F82
__ptext6                             text6        01C96
__ptext7                             text7        0184D
__ptext8                             text8        027BD
__ptext9                             text9        01800
__size_of_ADC_Initialize             (abs)        00000
__size_of_CLKREF_Initialize          (abs)        00000
__size_of_DATAEE_WriteByte           (abs)        00000
__size_of_EUSART_Initialize          (abs)        00000
__size_of_FLASH_ReadWord             (abs)        00000
__size_of_FVR_Initialize             (abs)        00000
__size_of_GE_I2C2_AddrWrite          (abs)        00000
__size_of_GE_I2C2_ByteHLRead         (abs)        00000
__size_of_GE_I2C2_ByteHLWrite        (abs)        00000
__size_of_GE_I2C2_ByteRead           (abs)        00000
__size_of_GE_I2C2_ByteWrite          (abs)        00000
__size_of_GE_I2C2_HexRead            (abs)        00000
__size_of_GE_I2C2_HexWrite           (abs)        00000
__size_of_GE_I2C2_bitset             (abs)        00000
__size_of_GE_set_polarity            (abs)        00000
__size_of_I2C1_ISR                   (abs)        00000
__size_of_I2C1_Initialize            (abs)        00000
__size_of_I2C1_StatusCallback        (abs)        00000
__size_of_I2C2_MasterRead            (abs)        00000
__size_of_I2C2_MasterReadTRBBuild    (abs)        00000
__size_of_I2C2_MasterTRBInsert       (abs)        00000
__size_of_I2C2_MasterWrite           (abs)        00000
__size_of_I2C2_MasterWriteTRBBuild   (abs)        00000
__size_of_INTERRUPT_InterruptManager (abs)        00000
__size_of_MDIO_Clock_01              (abs)        00000
__size_of_MDIO_Data_0                (abs)        00000
__size_of_MDIO_Data_1                (abs)        00000
__size_of_MDIO_IN                    (abs)        00000
__size_of_MDIO_Idle                  (abs)        00000
__size_of_MDIO_OUT                   (abs)        00000
__size_of_MDIO_R_TA                  (abs)        00000
__size_of_MDIO_R_opcode              (abs)        00000
__size_of_MDIO_Start                 (abs)        00000
__size_of_MDIO_W_TA                  (abs)        00000
__size_of_MDIO_W_reg_opcode          (abs)        00000
__size_of_MDIO_W_val_opcode          (abs)        00000
__size_of_MDIO_adder_reg             (abs)        00000
__size_of_MDIO_read                  (abs)        00000
__size_of_MDIO_read_value            (abs)        00000
__size_of_MDIO_write                 (abs)        00000
__size_of_MDIO_write_regAddr         (abs)        00000
__size_of_MDIO_write_value           (abs)        00000
__size_of_OSCILLATOR_Initialize      (abs)        00000
__size_of_PIN_MANAGER_Initialize     (abs)        00000
__size_of_SYSTEM_Initialize          (abs)        00000
__size_of_WDT_Initialize             (abs)        00000
__size_of___lldiv                    (abs)        00000
__size_of___lwdiv                    (abs)        00000
__size_of___lwmod                    (abs)        00000
__size_of_bitset                     (abs)        00000
__size_of_getShortFrom14Arry         (abs)        00000
__size_of_main                       (abs)        00000
__size_of_mdio_init                  (abs)        00000
__size_of_uart_send_char             (abs)        00000
_bitset                              text37       01A21
_fw_content                          stringtext1  00056
_fw_content_T                        mytext       02100
_getShortFrom14Arry                  text2        01EB9
_i2c2_object                         bssBANK0     00067
_i2c2_state                          bssBANK0     0006F
_i2c2_tr_queue                       bssBANK1     000BF
_i2c2_trb_count                      bssCOMMON    0007A
_main                                maintext     01030
_mdio_init                           text8        027BD
_p_i2c2_current                      bssCOMMON    00078
_p_i2c2_trb_current                  bssCOMMON    00079
_script_content                      stringtext2  02000
_timeOut                             bssBANK0     0006C
_uart_send_char                      text1        01868
bitset@lbit                          cstackBANK0  00024
bitset@mask                          cstackBANK0  0002A
bitset@new_value                     cstackBANK0  00022
bitset@value                         cstackBANK0  00020
bitset@width                         cstackBANK0  00026
btemp                                (abs)        0007E
clear_ram0                           clrtext      027D9
end_of_initialization                cinit        00052
getShortFrom14Arry@i                 cstackBANK0  00037
getShortFrom14Arry@inArry            cstackBANK0  0002A
getShortFrom14Arry@j                 cstackBANK0  00039
getShortFrom14Arry@m                 cstackBANK0  00035
getShortFrom14Arry@outData           cstackBANK0  0003B
getShortFrom14Arry@pos14             cstackBANK0  00033
getShortFrom14Arry@pos16             cstackBANK0  00028
getShortFrom14Arry@sH                cstackBANK0  0003F
getShortFrom14Arry@sL                cstackBANK0  0003D
init_ram                             inittext     027E5
int$flags                            (abs)        0007E
intlevel0                            functab      00000
intlevel1                            functab      00000
intlevel2                            functab      00000
intlevel3                            functab      00000
intlevel4                            functab      00000
intlevel5                            functab      00000
main@AN1_Channel                     cstackBANK2  0012C
main@F8078                           dataBANK1    000D2
main@FW_regAddr_base                 cstackBANK2  00157
main@RdCheck                         cstackBANK2  0012F
main@TotalError                      cstackBANK2  0012A
main@b_data                          cstackBANK2  00128
main@checkSum                        cstackBANK2  00149
main@checktime                       cstackBANK2  0014D
main@counter                         cstackBANK2  00120
main@dataAddr                        cstackBANK2  0013B
main@eepAddr                         cstackBANK2  00165
main@enterPoint                      cstackBANK2  0015F
main@i                               cstackBANK2  00169
main@iCC_BASE                        cstackBANK2  00133
main@iCC_EXT                         cstackBANK2  00137
main@len                             cstackBANK2  0013D
main@len_script                      cstackBANK2  00131
main@mdioData                        cstackBANK2  00145
main@prt_Res                         cstackBANK2  00124
main@r                               cstackBANK2  00126
main@rValue                          cstackBANK2  00147
main@ramAddr                         cstackBANK2  00153
main@section                         cstackBANK2  0012D
main@startAddr                       cstackBANK2  00141
main@status                          cstackBANK2  00163
main@tH                              cstackBANK2  0015D
main@tL                              cstackBANK2  00167
main@x                               cstackBANK2  00151
reset_vec                            reset_vec    00000
stackhi                              (abs)        026EF
stacklo                              (abs)        020EB
start                                init         00018
start_initialization                 cinit        0001A
uart_send_char@buffer                cstackBANK0  00020
uart_send_char@temp_ptr              cstackBANK0  00023
wtemp0                               (abs)        0007E


FUNCTION INFORMATION:

 *************** function _main *****************
 Defined at:
		line 5583 in file "main.c"
 Parameters:    Size  Location     Type
		None
 Auto vars:     Size  Location     Type
  FW_regAddr_b    6   55[BANK2 ] unsigned int [3]
  enterPoint      4   63[BANK2 ] unsigned long 
  ramAddr         4   51[BANK2 ] unsigned long 
  checktime       4   45[BANK2 ] unsigned long 
  checkSum        4   41[BANK2 ] long 
  startAddr       4   33[BANK2 ] unsigned long 
  len             4   29[BANK2 ] unsigned long 
  iCC_EXT         4   23[BANK2 ] unsigned long 
  iCC_BASE        4   19[BANK2 ] unsigned long 
  counter         4    0[BANK2 ] unsigned long 
  temp_float      3    0        float 
  adc_float       3    0        float 
  i               2   73[BANK2 ] int 
  tL              2   71[BANK2 ] unsigned int 
  eepAddr         2   69[BANK2 ] unsigned int 
  status          2   67[BANK2 ] unsigned int 
  tH              2   61[BANK2 ] unsigned int 
  x               2   49[BANK2 ] int 
  rValue          2   39[BANK2 ] unsigned int 
  mdioData        2   37[BANK2 ] unsigned int 
  dataAddr        2   27[BANK2 ] unsigned int 
  len_script      2   17[BANK2 ] int 
  RdCheck         2   15[BANK2 ] unsigned int 
  section         2   13[BANK2 ] int 
  TotalError      2   10[BANK2 ] unsigned int 
  b_data          2    8[BANK2 ] PTR const int 
		 -> fw_content(0), 
  r               2    6[BANK2 ] int 
  prt_Res         2    4[BANK2 ] int 
  convertedVal    2    0        unsigned int 
  convertedVal    2    0        unsigned int 
  convertedVal    2    0        unsigned int 
  Temperature     2    0        int 
  AN1_Channel     1   12[BANK2 ] enum E7918
 Return value:  Size  Location     Type
                  1    wreg      void 
 Registers used:
		wreg, fsr0l, fsr0h, fsr1l, fsr1h, status,2, status,0, pclath, cstack
 Tracked objects:
		On entry : 
		On exit  : 
		Unchanged: 
 Data sizes:     COMMON   BANK0   BANK1   BANK2   BANK3   BANK4   BANK5   BANK6   BANK7   BANK8   BANK9  BANK10  BANK11  BANK12  BANK13  BANK14  BANK15  BANK16  BANK17  BANK18  BANK19  BANK20  BANK21  BANK22  BANK23  BANK24  BANK25
      Params:         0       0       0       0       0       0       0       0       0       0       0       0       0       0       0       0       0       0       0       0       0       0       0       0       0       0       0
      Locals:         0       0       0      75       0       0       0       0       0       0       0       0       0       0       0       0       0       0       0       0       0       0       0       0       0       0       0
      Temps:          0       0      15       0       0       0       0       0       0       0       0       0       0       0       0       0       0       0       0       0       0       0       0       0       0       0       0
      Totals:         0       0      15      75       0       0       0       0       0       0       0       0       0       0       0       0       0       0       0       0       0       0       0       0       0       0       0
Total ram usage:       90 bytes
 Hardware stack levels required when called:   10
 This function calls:
		_ADC_Initialize
		_DATAEE_WriteByte
		_GE_I2C2_ByteHLRead
		_GE_I2C2_ByteHLWrite
		_GE_set_polarity
		_MDIO_read
		_MDIO_write
		_SYSTEM_Initialize
		___lldiv
		_getShortFrom14Arry
		_uart_send_char
 This function is called by:
		Startup code after reset
 This function uses a non-reentrant model


 *************** function _uart_send_char *****************
 Defined at:
		line 7 in file "uart_top.c"
 Parameters:    Size  Location     Type
  buffer          2    0[BANK0 ] PTR unsigned char 
		 -> STR_4(19), STR_3(30), STR_2(32), STR_1(13), 
 Auto vars:     Size  Location     Type
  temp_ptr        2    3[BANK0 ] PTR unsigned char 
		 -> STR_4(19), STR_3(30), STR_2(32), STR_1(13), 
 Return value:  Size  Location     Type
                  1    wreg      void 
 Registers used:
[...]
      Totals:         0      28       0       0       0       0       0       0       0       0       0       0       0       0       0       0       0       0       0       0       0       0       0       0       0       0       0
Total ram usage:       28 bytes
 Hardware stack levels used:    1
 Hardware stack levels required when called:    5
 This function calls:
		_I2C2_MasterWrite
 This function is called by:
		_GE_I2C2_ByteRead
 This function uses a non-reentrant model


 *************** function _I2C2_MasterWrite *****************
 Defined at:
		line 598 in file "mcc_generated_files/i2c2.c"
 Parameters:    Size  Location     Type
  pdata           1    wreg     PTR unsigned char 
		 -> GE_I2C2_BufferWrite@writeBuffer(19), GE_I2C2_AddrWrite@writeBuffer(19), GE_I2C2_ByteWrite@writeBuffer(19), I2C2_BufferWrite@writeBuffer(19), 
		 -> I2C2_ByteWrite@writeBuffer(19), 
  length          1    7[BANK0 ] unsigned char 
  address         2    8[BANK0 ] unsigned int 
  pflag           1   10[BANK0 ] PTR enum E7822
		 -> GE_I2C2_BufferWrite@status(1), GE_I2C2_AddrWrite@status(1), GE_I2C2_ByteWrite@status(1), I2C2_BufferWrite@status(1), 
		 -> I2C2_ByteWrite@status(1), 
 Auto vars:     Size  Location     Type
  pdata           1   13[BANK0 ] PTR unsigned char 
		 -> GE_I2C2_BufferWrite@writeBuffer(19), GE_I2C2_AddrWrite@writeBuffer(19), GE_I2C2_ByteWrite@writeBuffer(19), I2C2_BufferWrite@writeBuffer(19), 
		 -> I2C2_ByteWrite@writeBuffer(19), 
 Return value:  Size  Location     Type
                  1    wreg      void 
 Registers used:
		wreg, fsr1l, fsr1h, status,2, status,0, pclath, cstack
 Tracked objects:
		On entry : 
		On exit  : 
		Unchanged: 
 Data sizes:     COMMON   BANK0   BANK1   BANK2   BANK3   BANK4   BANK5   BANK6   BANK7   BANK8   BANK9  BANK10  BANK11  BANK12  BANK13  BANK14  BANK15  BANK16  BANK17  BANK18  BANK19  BANK20  BANK21  BANK22  BANK23  BANK24  BANK25
      Params:         0       4       0       0       0       0       0       0       0       0       0       0       0       0       0       0       0       0       0       0       0       0       0       0       0       0       0
      Locals:         0       1       0       0       0       0       0       0       0       0       0       0       0       0       0       0       0       0       0       0       0       0       0       0       0       0       0
      Temps:          0       2       0       0       0       0       0       0       0       0       0       0       0       0       0       0       0       0       0       0       0       0       0       0       0       0       0
      Totals:         0       7       0       0       0       0       0       0       0       0       0       0       0       0       0       0       0       0       0       0       0       0       0       0       0       0       0
Total ram usage:        7 bytes
 Hardware stack levels used:    1
 Hardware stack levels required when called:    4
 This function calls:
		_I2C2_MasterTRBInsert
		_I2C2_MasterWriteTRBBuild
 This function is called by:
		_GE_I2C2_ByteWrite
		_GE_I2C2_AddrWrite
		_I2C2_ByteWrite
		_I2C2_BufferWrite
		_GE_I2C2_BufferWrite
 This function uses a non-reentrant model


 *************** function _I2C2_MasterWriteTRBBuild *****************
 Defined at:
		line 707 in file "mcc_generated_files/i2c2.c"
 Parameters:    Size  Location     Type
  ptrb            1    wreg     PTR struct .
		 -> I2C2_MasterWrite@trBlock(5), 
  pdata           1    0[BANK0 ] PTR unsigned char 
		 -> GE_I2C2_BufferWrite@writeBuffer(19), GE_I2C2_AddrWrite@writeBuffer(19), GE_I2C2_ByteWrite@writeBuffer(19), I2C2_BufferWrite@writeBuffer(19), 
		 -> I2C2_ByteWrite@writeBuffer(19), 
  length          1    1[BANK0 ] unsigned char 
  address         2    2[BANK0 ] unsigned int 
 Auto vars:     Size  Location     Type
  ptrb            1    6[BANK0 ] PTR struct .
		 -> I2C2_MasterWrite@trBlock(5), 
 Return value:  Size  Location     Type
                  1    wreg      void 
 Registers used:
		wreg, fsr1l, fsr1h, status,2, status,0
 Tracked objects:
		On entry : 
		On exit  : 
		Unchanged: 
 Data sizes:     COMMON   BANK0   BANK1   BANK2   BANK3   BANK4   BANK5   BANK6   BANK7   BANK8   BANK9  BANK10  BANK11  BANK12  BANK13  BANK14  BANK15  BANK16  BANK17  BANK18  BANK19  BANK20  BANK21  BANK22  BANK23  BANK24  BANK25
      Params:         0       4       0       0       0       0       0       0       0       0       0       0       0       0       0       0       0       0       0       0       0       0       0       0       0       0       0
      Locals:         0       1       0       0       0       0       0       0       0       0       0       0       0       0       0       0       0       0       0       0       0       0       0       0       0       0       0
      Temps:          0       2       0       0       0       0       0       0       0       0       0       0       0       0       0       0       0       0       0       0       0       0       0       0       0       0       0
      Totals:         0       7       0       0       0       0       0       0       0       0       0       0       0       0       0       0       0       0       0       0       0       0       0       0       0       0       0
Total ram usage:        7 bytes
 Hardware stack levels used:    1
 Hardware stack levels required when called:    3
 This function calls:
		Nothing
 This function is called by:
		_I2C2_MasterWrite
 This function uses a non-reentrant model


 *************** function _I2C2_MasterTRBInsert *****************
 Defined at:
		line 641 in file "mcc_generated_files/i2c2.c"
 Parameters:    Size  Location     Type
  count           1    wreg     unsigned char 
  ptrb_list       1    0[BANK0 ] PTR struct .
		 -> I2C2_MasterRead@trBlock(5), I2C2_MasterWrite@trBlock(5), 
  pflag           1    1[BANK0 ] PTR enum E7822
		 -> GE_I2C2_BufferRead@status(1), GE_I2C2_BufferWrite@status(1), GE_I2C2_ByteRead@status(1), GE_I2C2_AddrWrite@status(1), 
		 -> GE_I2C2_ByteWrite@status(1), I2C2_BufferRead@status(1), I2C2_BufferWrite@status(1), I2C2_ByteRead@status(1), 
		 -> I2C2_ByteWrite@status(1), 
 Auto vars:     Size  Location     Type
  count           1    3[BANK0 ] unsigned char 
 Return value:  Size  Location     Type
                  1    wreg      void 
 Registers used:
		wreg, fsr1l, fsr1h, status,2, status,0
 Tracked objects:
		On entry : 
		On exit  : 
		Unchanged: 
 Data sizes:     COMMON   BANK0   BANK1   BANK2   BANK3   BANK4   BANK5   BANK6   BANK7   BANK8   BANK9  BANK10  BANK11  BANK12  BANK13  BANK14  BANK15  BANK16  BANK17  BANK18  BANK19  BANK20  BANK21  BANK22  BANK23  BANK24  BANK25
      Params:         0       2       0       0       0       0       0       0       0       0       0       0       0       0       0       0       0       0       0       0       0       0       0       0       0       0       0
      Locals:         0       1       0       0       0       0       0       0       0       0       0       0       0       0       0       0       0       0       0       0       0       0       0       0       0       0       0
      Temps:          0       1       0       0       0       0       0       0       0       0       0       0       0       0       0       0       0       0       0       0       0       0       0       0       0       0       0
      Totals:         0       4       0       0       0       0       0       0       0       0       0       0       0       0       0       0       0       0       0       0       0       0       0       0       0       0       0
Total ram usage:        4 bytes
 Hardware stack levels used:    1
 Hardware stack levels required when called:    3
 This function calls:
		Nothing
 This function is called by:
		_I2C2_MasterWrite
		_I2C2_MasterRead
 This function uses a non-reentrant model


 *************** function _DATAEE_WriteByte *****************
 Defined at:
		line 179 in file "mcc_generated_files/memory.c"
 Parameters:    Size  Location     Type
  bAdd            2    0[BANK0 ] unsigned int 
  bData           1    2[BANK0 ] unsigned char 
 Auto vars:     Size  Location     Type
  GIEBitValue     1    3[BANK0 ] unsigned char 
 Return value:  Size  Location     Type
                  1    wreg      void 
 Registers used:
		wreg, status,2, status,0
 Tracked objects:
		On entry : 
		On exit  : 
		Unchanged: 
 Data sizes:     COMMON   BANK0   BANK1   BANK2   BANK3   BANK4   BANK5   BANK6   BANK7   BANK8   BANK9  BANK10  BANK11  BANK12  BANK13  BANK14  BANK15  BANK16  BANK17  BANK18  BANK19  BANK20  BANK21  BANK22  BANK23  BANK24  BANK25
      Params:         0       3       0       0       0       0       0       0       0       0       0       0       0       0       0       0       0       0       0       0       0       0       0       0       0       0       0
      Locals:         0       1       0       0       0       0       0       0       0       0       0       0       0       0       0       0       0       0       0       0       0       0       0       0       0       0       0
      Temps:          0       0       0       0       0       0       0       0       0       0       0       0       0       0       0       0       0       0       0       0       0       0       0       0       0       0       0
      Totals:         0       4       0       0       0       0       0       0       0       0       0       0       0       0       0       0       0       0       0       0       0       0       0       0       0       0       0
Total ram usage:        4 bytes
 Hardware stack levels used:    1
 Hardware stack levels required when called:    3
 This function calls:
		Nothing
 This function is called by:
		_main
 This function uses a non-reentrant model


 *************** function _INTERRUPT_InterruptManager *****************
 Defined at:
		line 51 in file "mcc_generated_files/interrupt_manager.c"
 Parameters:    Size  Location     Type
		None
 Auto vars:     Size  Location     Type
		None
 Return value:  Size  Location     Type
                  1    wreg      void 
 Registers used:
		wreg, fsr0l, fsr0h, fsr1l, fsr1h, status,2, status,0, pclath, cstack
 Tracked objects:
		On entry : 
		On exit  : 
		Unchanged: 
 Data sizes:     COMMON   BANK0   BANK1   BANK2   BANK3   BANK4   BANK5   BANK6   BANK7   BANK8   BANK9  BANK10  BANK11  BANK12  BANK13  BANK14  BANK15  BANK16  BANK17  BANK18  BANK19  BANK20  BANK21  BANK22  BANK23  BANK24  BANK25
      Params:         0       0       0       0       0       0       0       0       0       0       0       0       0       0       0       0       0       0       0       0       0       0       0       0       0       0       0
      Locals:         0       0       0       0       0       0       0       0       0       0       0       0       0       0       0       0       0       0       0       0       0       0       0       0       0       0       0
      Temps:          1       0       0       0       0       0       0       0       0       0       0       0       0       0       0       0       0       0       0       0       0       0       0       0       0       0       0
      Totals:         1       0       0       0       0       0       0       0       0       0       0       0       0       0       0       0       0       0       0       0       0       0       0       0       0       0       0
Total ram usage:        1 bytes
 Hardware stack levels used:    1
 Hardware stack levels required when called:    2
 This function calls:
		_I2C1_ISR
 This function is called by:
		Interrupt level 1
 This function uses a non-reentrant model


 *************** function _I2C1_ISR *****************
 Defined at:
		line 108 in file "mcc_generated_files/i2c1.c"
 Parameters:    Size  Location     Type
		None
 Auto vars:     Size  Location     Type
  i2c_data        1    6[COMMON] unsigned char 
 Return value:  Size  Location     Type
                  1    wreg      void 
 Registers used:
		wreg, fsr0l, fsr0h, fsr1l, fsr1h, status,2, status,0, pclath, cstack
 Tracked objects:
		On entry : 
		On exit  : 
		Unchanged: 
 Data sizes:     COMMON   BANK0   BANK1   BANK2   BANK3   BANK4   BANK5   BANK6   BANK7   BANK8   BANK9  BANK10  BANK11  BANK12  BANK13  BANK14  BANK15  BANK16  BANK17  BANK18  BANK19  BANK20  BANK21  BANK22  BANK23  BANK24  BANK25
      Params:         0       0       0       0       0       0       0       0       0       0       0       0       0       0       0       0       0       0       0       0       0       0       0       0       0       0       0
      Locals:         1       0       0       0       0       0       0       0       0       0       0       0       0       0       0       0       0       0       0       0       0       0       0       0       0       0       0
      Temps:          1       0       0       0       0       0       0       0       0       0       0       0       0       0       0       0       0       0       0       0       0       0       0       0       0       0       0
      Totals:         2       0       0       0       0       0       0       0       0       0       0       0       0       0       0       0       0       0       0       0       0       0       0       0       0       0       0
Total ram usage:        2 bytes
 Hardware stack levels used:    1
 Hardware stack levels required when called:    1
 This function calls:
		_I2C1_StatusCallback
 This function is called by:
		_INTERRUPT_InterruptManager
 This function uses a non-reentrant model


 *************** function _I2C1_StatusCallback *****************
 Defined at:
		line 173 in file "mcc_generated_files/i2c1.c"
 Parameters:    Size  Location     Type
  i2c_bus_stat    1    wreg     enum E7822
 Auto vars:     Size  Location     Type
  i2c_bus_stat    1    4[COMMON] enum E7822
 Return value:  Size  Location     Type
                  1    wreg      void 
 Registers used:
		wreg, fsr0l, fsr0h, fsr1l, fsr1h, status,2, status,0
 Tracked objects:
		On entry : 
		On exit  : 
		Unchanged: 
 Data sizes:     COMMON   BANK0   BANK1   BANK2   BANK3   BANK4   BANK5   BANK6   BANK7   BANK8   BANK9  BANK10  BANK11  BANK12  BANK13  BANK14  BANK15  BANK16  BANK17  BANK18  BANK19  BANK20  BANK21  BANK22  BANK23  BANK24  BANK25
      Params:         0       0       0       0       0       0       0       0       0       0       0       0       0       0       0       0       0       0       0       0       0       0       0       0       0       0       0
      Locals:         1       0       0       0       0       0       0       0       0       0       0       0       0       0       0       0       0       0       0       0       0       0       0       0       0       0       0
      Temps:          4       0       0       0       0       0       0       0       0       0       0       0       0       0       0       0       0       0       0       0       0       0       0       0       0       0       0
      Totals:         5       0       0       0       0       0       0       0       0       0       0       0       0       0       0       0       0       0       0       0       0       0       0       0       0       0       0
Total ram usage:        5 bytes
 Hardware stack levels used:    1
 This function calls:
		Nothing
 This function is called by:
		_I2C1_ISR
 This function uses a non-reentrant model



MODULE INFORMATION

Module		Function		Class		Link	Load	Size
mcc_generated_files/fvr.c
		_FVR_Initialize		CODE           	210F	0000	5

mcc_generated_files/fvr.c estimated size: 5

C:\Program Files (x86)\Microchip\xc8\v1.42\sources\common\lwdiv.c
		___lwdiv       		CODE           	1A88	0000	54

C:\Program Files (x86)\Microchip\xc8\v1.42\sources\common\lwdiv.c estimated size: 54

C:\Program Files (x86)\Microchip\xc8\v1.42\sources\common\lldiv.c
		___lldiv       		CODE           	1C96	0000	84

C:\Program Files (x86)\Microchip\xc8\v1.42\sources\common\lldiv.c estimated size: 84

mcc_generated_files/interrupt_manager.c
		_INTERRUPT_InterruptManager		CODE           	0004	0000	21

mcc_generated_files/interrupt_manager.c estimated size: 21

mcc_generated_files/mdio.c
		_MDIO_Start    		CODE           	2780	0000	7
		_MDIO_write    		CODE           	1832	0000	28
		_MDIO_Clock_01 		CODE           	279E	0000	8
		_MDIO_adder_reg		CODE           	1818	0000	27
		_MDIO_W_reg_opcode		CODE           	278C	0000	7
		_MDIO_W_val_opcode		CODE           	2792	0000	7
		_MDIO_write_value		CODE           	1A53	0000	54
		_MDIO_R_TA     		CODE           	2774	0000	7
		_MDIO_OUT      		CODE           	2105	0000	6
		_MDIO_R_opcode 		CODE           	277A	0000	7
		_MDIO_read     		CODE           	1883	0000	29
		_MDIO_IN       		CODE           	210A	0000	6
		_MDIO_write_regAddr		CODE           	1B33	0000	66
		_MDIO_Idle     		CODE           	27F1	0000	16
		_mdio_init     		CODE           	27BD	0000	9
		_MDIO_Data_0   		CODE           	27AD	0000	9
		_MDIO_Data_1   		CODE           	27A5	0000	9
		_MDIO_read_value		CODE           	1C47	0000	80
		_MDIO_W_TA     		CODE           	2786	0000	7

mcc_generated_files/mdio.c estimated size: 389

mcc_generated_files/i2c1.c
		_I2C1_StatusCallback		CODE           	0F82	0000	127
		_I2C1_ISR      		CODE           	18DF	0000	35
		_I2C1_Initialize		CODE           	0F73	0000	16

mcc_generated_files/i2c1.c estimated size: 178

mcc_generated_files/pin_manager.c
		_PIN_MANAGER_Initialize		CODE           	1BFB	0000	77

mcc_generated_files/pin_manager.c estimated size: 77

mcc_generated_files/adc.c
		_ADC_Initialize		CODE           	27C5	0000	10

mcc_generated_files/adc.c estimated size: 10

mcc_generated_files/clkref.c
		_CLKREF_Initialize		CODE           	2113	0000	5

mcc_generated_files/clkref.c estimated size: 5

uart_top.c
		_uart_send_char		CODE           	1868	0000	28

uart_top.c estimated size: 28

shared
		_fw_content    		STRCODE        	0056	0000	3868
		_script_content		STRCODE        	2000	0000	161
		__initialization		CODE           	001A	0000	57

shared estimated size: 4086

mcc_generated_files/mcc.c
		_WDT_Initialize		CODE           	1800	0000	5
		_OSCILLATOR_Initialize		CODE           	27B5	0000	9
		_SYSTEM_Initialize		CODE           	184D	0000	28

mcc_generated_files/mcc.c estimated size: 42

golden_eagle_i2c.c
		_GE_I2C2_bitset		CODE           	1000	0000	49
		_GE_I2C2_HexRead		CODE           	1ABD	0000	59
		_bitset        		CODE           	1A21	0000	51
		_GE_set_polarity		CODE           	1804	0000	21
		_GE_I2C2_ByteHLWrite		CODE           	19F3	0000	47
		_GE_I2C2_ByteRead		CODE           	1B74	0000	67
		_GE_I2C2_HexWrite		CODE           	199A	0000	45
		_GE_I2C2_ByteHLRead		CODE           	1AF7	0000	61
		_GE_I2C2_AddrWrite		CODE           	1CE9	0000	93
		_GE_I2C2_ByteWrite		CODE           	1D45	0000	117

golden_eagle_i2c.c estimated size: 610

mcc_generated_files/i2c2.c
		_I2C2_MasterRead		CODE           	1923	0000	40
		_I2C2_MasterWriteTRBBuild		CODE           	189F	0000	33
		_I2C2_MasterWrite		CODE           	194A	0000	41
		_I2C2_MasterReadTRBBuild		CODE           	1972	0000	41
		_I2C2_MasterTRBInsert		CODE           	1BB6	0000	70

mcc_generated_files/i2c2.c estimated size: 225

C:\Program Files (x86)\Microchip\xc8\v1.42\sources\common\lwmod.c
		___lwmod       		CODE           	19C6	0000	46

C:\Program Files (x86)\Microchip\xc8\v1.42\sources\common\lwmod.c estimated size: 46

mcc_generated_files/memory.c
		_FLASH_ReadWord		CODE           	18BF	0000	33
		_DATAEE_WriteByte		CODE           	1901	0000	35

mcc_generated_files/memory.c estimated size: 68

mcc_generated_files/eusart.c
		_EUSART_Initialize		CODE           	27CE	0000	12

mcc_generated_files/eusart.c estimated size: 12

main.c
		_main          		CODE           	1030	0000	2001
		_getShortFrom14Arry		CODE           	1EB9	0000	328

main.c estimated size: 2329

