Microchip MPLAB XC8 Compiler V1.38 ()

Linker command line:

-W-3 --edf=C:\Program Files (x86)\Microchip\xc8\v1.38\dat\en_msgs.txt -cs \
  -h+dist/default/debug\ACC_100G_QSFP28.X.debug.sym \
  --cmf=dist/default/debug\ACC_100G_QSFP28.X.debug.cmf -z -Q16LF18346 \
  -oC:\Users\teamview\AppData\Local\Temp\s4p8.2 \
  -Mdist/default/debug/ACC_100G_QSFP28.X.debug.map -E1 -ver=XC8 \
  -ASTACK=020EBh-026efh -pstack=STACK -ACODE=00h-07FFhx8 \
  -ASTRCODE=00h-03FFFh -ASTRING=00h-0FFhx64 -ACONST=00h-0FFhx64 \
  -AENTRY=00h-0FFhx64 -ACOMMON=070h-07Fh -ABANK0=020h-06Fh \
  -ABANK1=0A0h-0EFh -ABANK2=0120h-016Fh -ABANK3=01A0h-01EFh \
  -ABANK4=0220h-026Fh -ABANK5=02A0h-02EFh -ABANK6=0320h-036Fh \
  -ABANK7=03A0h-03EFh -ABANK8=0420h-046Fh -ABANK9=04A0h-04EFh \
  -ABANK10=0520h-056Fh -ABANK11=05A0h-05EFh -ABANK12=0620h-066Fh \
  -ABANK13=06A0h-06EFh -ABANK14=0720h-076Fh -ABANK15=07A0h-07EFh \
  -ABANK16=0820h-086Fh -ABANK17=08A0h-08EFh -ABANK18=0920h-096Fh \
  -ABANK19=09A0h-09EFh -ABANK20=0A20h-0A6Fh -ABANK21=0AA0h-0AEFh \
  -ABANK22=0B20h-0B6Fh -ABANK23=0BA0h-0BEFh -ABANK24=0C20h-0C6Fh \
  -ABANK25=0CA0h-0CBFh -ABIGRAM=02000h-027EFh \
  -ARAM=020h-06Fh,0A0h-0EFh,0120h-016Fh,01A0h-01EFh,0220h-026Fh,02A0h-02EFh,0320h-036Fh,03A0h-03EFh,0420h-046Fh,04A0h-04EFh,0520h-056Fh,05A0h-05EFh,0620h-066Fh,06A0h-06EFh,0720h-076Fh,07A0h-07EFh,0820h-086Fh,08A0h-08EFh,0920h-096Fh,09A0h-09EFh,0A20h-0A6Fh,0AA0h-0AEFh,0B20h-0B6Fh,0BA0h-0BEFh,0C20h-0C6Fh,0CA0h-0CBFh \
  -AABS1=020h-07Fh,0A0h-0EFh,0120h-016Fh,01A0h-01EFh,0220h-026Fh,02A0h-02EFh,0320h-036Fh,03A0h-03EFh,0420h-046Fh,04A0h-04EFh,0520h-056Fh,05A0h-05EFh,0620h-066Fh,06A0h-06EFh,0720h-076Fh,07A0h-07EFh,0820h-086Fh,08A0h-08EFh,0920h-096Fh,09A0h-09EFh,0A20h-0A6Fh,0AA0h-0AEFh,0B20h-0B6Fh,0BA0h-0BEFh,0C20h-0C6Fh,0CA0h-0CBFh \
  -ASFR0=00h-01Fh -ASFR1=080h-09Fh -ASFR2=0100h-011Fh -ASFR3=0180h-019Fh \
  -ASFR4=0200h-021Fh -ASFR5=0280h-029Fh -ASFR6=0300h-031Fh \
  -ASFR7=0380h-039Fh -ASFR8=0400h-041Fh -ASFR9=0480h-049Fh \
  -ASFR10=0500h-051Fh -ASFR11=0580h-059Fh -ASFR12=0600h-061Fh \
  -ASFR13=0680h-069Fh -ASFR14=0700h-071Fh -ASFR15=0780h-079Fh \
  -ASFR16=0800h-081Fh -ASFR17=0880h-089Fh -ASFR18=0900h-091Fh \
  -ASFR19=0980h-099Fh -ASFR20=0A00h-0A1Fh -ASFR21=0A80h-0A9Fh \
  -ASFR22=0B00h-0B1Fh -ASFR23=0B80h-0B9Fh -ASFR24=0C00h-0C1Fh \
  -ASFR25=0C80h-0C9Fh -ASFR26=0D00h-0D6Fh -ASFR27=0D80h-0DEFh \
  -ASFR28=0E00h-0E6Fh -ASFR29=0E80h-0EEFh -ASFR30=0F00h-0F6Fh \
  -ASFR31=0F80h-0FEFh -preset_vec=00h,intentry=04h,init,end_init \
  -ppowerup=CODE -pcinit=CODE -pfunctab=CODE -ACONFIG=08007h-0800Ah \
  -pconfig=CONFIG -DCONFIG=2 -AIDLOC=08000h-08003h -pidloc=IDLOC -DIDLOC=2 \
  -AEEDATA=00h-0FFh/0F000h -peeprom_data=EEDATA -DEEDATA=2 -DCODE=2 \
  -DSTRCODE=2 -DSTRING=2 -DCONST=2 -DENTRY=2 -k \
  C:\Users\teamview\AppData\Local\Temp\s4p8.obj \
  dist/default/debug\ACC_100G_QSFP28.X.debug.obj 

Object code version is 3.11

Machine type is 16LF18346



                Name                               Link     Load   Length Selector   Space Scale
C:\Users\teamview\AppData\Local\Temp\s4p8.obj
                end_init                             2E       2E        2        8       0
                reset_vec                             0        0        3        0       0
                config                             8007     8007        4    1000E       0
dist/default/debug\ACC_100G_QSFP28.X.debug.obj
                cinit                                30       30       38        8       0
                intentry                              4        4       2A        8       0
                text22_split_6                     2071     2071      78F     40E2       0
                text22_split_5                     29FC     29FC       97     53F8       0
                text22_split_4                     2B3C     2B3C       AC     5678       0
                text22_split_3                     36F6     36F6       83     6DEC       0
                text22_split_2                     3779     3779       87     6EF2       0
                text22_split_1                     28E1     28E1       88     51C2       0
                text51                             3674     3674       82     6CE8       0
                text50                             31D1     31D1       22     63A2       0
                text49                             30AD     30AD        1     615A       0
                text48                             310D     310D       12     621A       0
                text47                             314B     314B       18     6296       0
                swtext1                            3000     3000       18     6000       0
                text46                             1AD8     1AD8      149     35B0       0
                text44                             30DB     30DB        9     61B6       0
                text43                             30BC     30BC        7     6178       0
                text42                             3134     3134       17     6268       0
                text41                             34A8     34A8       52     6950       0
                text40                             31B1     31B1       20     6362       0
                text39                             3243     3243       2A     6486       0
                text38                             359F     359F       5C     6B3E       0
                text37                             31F3     31F3       28     63E6       0
                text36                             321B     321B       28     6436       0
                text35                             30C3     30C3        8     6186       0
                text34                             317B     317B       1B     62F6       0
                text33                             30CB     30CB        8     6196       0
                text32                             34FA     34FA       52     69F4       0
                text31                             33DB     33DB       40     67B6       0
                text30                             35FB     35FB       79     6BF6       0
                text29                             3363     3363       3C     66C6       0
                text28                             2BE8     2BE8       AC     57D0       0
                text27                             3299     3299       2E     6532       0
                text26                             3329     3329       3A     6652       0
                text25                             326D     326D       2C     64DA       0
                text24                             32F7     32F7       32     65EE       0
                text23                             32C7     32C7       30     658E       0
                text22                             2969     2969       93     52D2       0
                text21                             339F     339F       3C     673E       0
                text20                             30E4     30E4        9     61C8       0
                text19                             30AE     30AE        4     615C       0
                text18                             30F6     30F6        B     61EC       0
                text17                             30B2     30B2        4     6164       0
                text16                             1AC9     1AC9        F     3592       0
                text15                             3196     3196       1B     632C       0
                text14                             30D3     30D3        8     61A6       0
                text13                             2800     2800       5A     40E2       0
                text12                             3163     3163       18     62C6       0
                text11                             200C     200C       65     4018       0
                text10                             2E0A     2E0A       F6     5C14       0
                text9                              2A93     2A93       A9     5526       0
                text8                              2C94     2C94       B4     5928       0
                text7                              30ED     30ED        9     61DA       0
                text6                              285A     285A       87     50B4       0
                text5                              311F     311F       15     623E       0
                text4                              345E     345E       4A     68BC       0
                text3                              354C     354C       53     6A98       0
                text2                              341B     341B       43     6836       0
                text1                              2D48     2D48       C2     5A90       0
                maintext                           1C21     1C21      3DF     3842       0
                cstackBANK0                          20       20       4B       20       1
                cstackCOMMON                         70       70        8       70       1
                cstackBANK1                          C6       C6        F       A0       1
                cstackBANK2                         120      120       4B      120       1
                clrtext                            3101     3101        C     6202       0
                inittext                           2000     2000        C     3842       0
                dataBANK1                            D5       D5        6       A0       1
                bssBANK1                             A0       A0       26       A0       1
                bssBANK0                             6B       6B        5       20       1
                dataCOMMON                           7D       7D        1       70       1
                bssCOMMON                            78       78        5       70       1
                stringtext                           68       68     1A61       D0       0
                idataBIGRAM                        2F00     2F00      100     5E00       0
                idataBANK1                         30B6     30B6        6     616C       0
                idataCOMMON                           3        3        1        0       0

TOTAL           Name                               Link     Load   Length     Space
        CLASS   STACK          

        CLASS   CODE           
                end_init                             2E       2E        2         0
                cinit                                30       30       38         0
                intentry                              4        4       2A         0
                reset_vec                             0        0        3         0
                text22_split_6                     2071     2071      78F         0
                text22_split_5                     29FC     29FC       97         0
                text22_split_4                     2B3C     2B3C       AC         0
                text22_split_3                     36F6     36F6       83         0
                text22_split_2                     3779     3779       87         0
                text22_split_1                     28E1     28E1       88         0
                text51                             3674     3674       82         0
                text50                             31D1     31D1       22         0
                text49                             30AD     30AD        1         0
                text48                             310D     310D       12         0
                text47                             314B     314B       18         0
                text46                             1AD8     1AD8      149         0
                text44                             30DB     30DB        9         0
                text43                             30BC     30BC        7         0
                text42                             3134     3134       17         0
                text41                             34A8     34A8       52         0
                text40                             31B1     31B1       20         0
                text39                             3243     3243       2A         0
                text38                             359F     359F       5C         0
                text37                             31F3     31F3       28         0
                text36                             321B     321B       28         0
                text35                             30C3     30C3        8         0
                text34                             317B     317B       1B         0
                text33                             30CB     30CB        8         0
                text32                             34FA     34FA       52         0
                text31                             33DB     33DB       40         0
                text30                             35FB     35FB       79         0
                text29                             3363     3363       3C         0
                text28                             2BE8     2BE8       AC         0
                text27                             3299     3299       2E         0
                text26                             3329     3329       3A         0
                text25                             326D     326D       2C         0
                text24                             32F7     32F7       32         0
                text23                             32C7     32C7       30         0
                text22                             2969     2969       93         0
                text21                             339F     339F       3C         0
                text20                             30E4     30E4        9         0
                text19                             30AE     30AE        4         0
                text18                             30F6     30F6        B         0
                text17                             30B2     30B2        4         0
                text16                             1AC9     1AC9        F         0
                text15                             3196     3196       1B         0
                text14                             30D3     30D3        8         0
                text13                             2800     2800       5A         0
                text12                             3163     3163       18         0
                text11                             200C     200C       65         0
                text10                             2E0A     2E0A       F6         0
                text9                              2A93     2A93       A9         0
                text8                              2C94     2C94       B4         0
                text7                              30ED     30ED        9         0
                text6                              285A     285A       87         0
                text5                              311F     311F       15         0
                text4                              345E     345E       4A         0
                text3                              354C     354C       53         0
                text2                              341B     341B       43         0
                text1                              2D48     2D48       C2         0
                maintext                           1C21     1C21      3DF         0
                clrtext                            3101     3101        C         0
                inittext                           2000     2000        C         0
                idataBIGRAM                        2F00     2F00      100         0
                idataBANK1                         30B6     30B6        6         0
                idataCOMMON                           3        3        1         0

        CLASS   STRCODE        
                stringtext                           68       68     1A61         0

        CLASS   STRING         

        CLASS   CONST          
                swtext1                            3000     3000       18         0

        CLASS   ENTRY          

        CLASS   COMMON         
                cstackCOMMON                         70       70        8         1
                dataCOMMON                           7D       7D        1         1
                bssCOMMON                            78       78        5         1

        CLASS   BANK0          
                cstackBANK0                          20       20       4B         1
                bssBANK0                             6B       6B        5         1

        CLASS   BANK1          
                cstackBANK1                          C6       C6        F         1
                dataBANK1                            D5       D5        6         1
                bssBANK1                             A0       A0       26         1

        CLASS   BANK2          
                cstackBANK2                         120      120       4B         1

        CLASS   BANK3          

        CLASS   BANK4          

        CLASS   BANK5          

        CLASS   BANK6          

        CLASS   BANK7          

        CLASS   BANK8          

        CLASS   BANK9          

        CLASS   BANK10         

        CLASS   BANK11         

        CLASS   BANK12         

        CLASS   BANK13         

        CLASS   BANK14         

        CLASS   BANK15         

        CLASS   BANK16         

        CLASS   BANK17         

        CLASS   BANK18         

        CLASS   BANK19         

        CLASS   BANK20         

        CLASS   BANK21         

        CLASS   BANK22         

        CLASS   BANK23         

        CLASS   BANK24         

        CLASS   BANK25         

        CLASS   BIGRAM         

        CLASS   RAM            

        CLASS   ABS1           
                abs_s1                               7E       7E        2         1
                abs_s1                              B30      B30       40         1
                abs_s1                              BA0      BA0       50         1
                abs_s1                              C20      C20       50         1
                abs_s1                              CA0      CA0       20         1
                abs_s1                             26F0     26F0        0         1

        CLASS   SFR0           

        CLASS   SFR1           

        CLASS   SFR2           

        CLASS   SFR3           

        CLASS   SFR4           

        CLASS   SFR5           

        CLASS   SFR6           

        CLASS   SFR7           

        CLASS   SFR8           

        CLASS   SFR9           

        CLASS   SFR10          

        CLASS   SFR11          

        CLASS   SFR12          

        CLASS   SFR13          

        CLASS   SFR14          

        CLASS   SFR15          

        CLASS   SFR16          

        CLASS   SFR17          

        CLASS   SFR18          

        CLASS   SFR19          

        CLASS   SFR20          

        CLASS   SFR21          

        CLASS   SFR22          

        CLASS   SFR23          

        CLASS   SFR24          

        CLASS   SFR25          

        CLASS   SFR26          

        CLASS   SFR27          

        CLASS   SFR28          

        CLASS   SFR29          

        CLASS   SFR30          

        CLASS   SFR31          

        CLASS   CONFIG         
                config                             8007     8007        4         0

        CLASS   IDLOC          

        CLASS   EEDATA         

        CLASS   BANK31         

        CLASS   BANK30         

        CLASS   BANK29         

        CLASS   BANK28         

        CLASS   BANK27         

        CLASS   BANK26         



SEGMENTS        Name                           Load    Length   Top    Selector   Space  Class     Delta

                reset_vec                      000000  000004  000004         0       0  CODE        2
                intentry                       000004  000064  000068         8       0  CODE        2
                cstackBANK0                    000020  000050  000070        20       1  BANK0       1
                cstackCOMMON                   000070  00000E  00007E        70       1  COMMON      1
                bssBANK1                       0000A0  00003B  0000DB        A0       1  BANK1       1
                stringtext                     000068  001A61  001AC9        D0       0  STRCODE     2
                cstackBANK2                    000120  00004B  00016B       120       1  BANK2       1
                text16                         001AC9  00000F  001AD8      3592       0  CODE        2
                text46                         001AD8  000149  001C21      35B0       0  CODE        2
                maintext                       001C21  0003EB  00200C      3842       0  CODE        2
                text11                         00200C  000065  002071      4018       0  CODE        2
                text22_split_6                 002071  0007E9  00285A      40E2       0  CODE        2
                text6                          00285A  000087  0028E1      50B4       0  CODE        2
                text22_split_1                 0028E1  000088  002969      51C2       0  CODE        2
                text22                         002969  000093  0029FC      52D2       0  CODE        2
                text22_split_5                 0029FC  000097  002A93      53F8       0  CODE        2
                text9                          002A93  0000A9  002B3C      5526       0  CODE        2
                text22_split_4                 002B3C  0000AC  002BE8      5678       0  CODE        2
                text28                         002BE8  0000AC  002C94      57D0       0  CODE        2
                text8                          002C94  0000B4  002D48      5928       0  CODE        2
                text1                          002D48  0000C2  002E0A      5A90       0  CODE        2
                text10                         002E0A  0000F6  002F00      5C14       0  CODE        2
                idataBIGRAM                    002F00  000100  003000      5E00       0  CODE        2
                swtext1                        003000  000018  003018      6000       0  CONST       2
                text49                         0030AD  000001  0030AE      615A       0  CODE        2
                text19                         0030AE  000004  0030B2      615C       0  CODE        2
                text17                         0030B2  000004  0030B6      6164       0  CODE        2
                idataBANK1                     0030B6  000006  0030BC      616C       0  CODE        2
                text43                         0030BC  000007  0030C3      6178       0  CODE        2
                text35                         0030C3  000008  0030CB      6186       0  CODE        2
                text33                         0030CB  000008  0030D3      6196       0  CODE        2
                text14                         0030D3  000008  0030DB      61A6       0  CODE        2
                text44                         0030DB  000009  0030E4      61B6       0  CODE        2
                text20                         0030E4  000009  0030ED      61C8       0  CODE        2
                text7                          0030ED  000009  0030F6      61DA       0  CODE        2
                text18                         0030F6  00000B  003101      61EC       0  CODE        2
                clrtext                        003101  00000C  00310D      6202       0  CODE        2
                text48                         00310D  000012  00311F      621A       0  CODE        2
                text5                          00311F  000015  003134      623E       0  CODE        2
                text42                         003134  000017  00314B      6268       0  CODE        2
                text47                         00314B  000018  003163      6296       0  CODE        2
                text12                         003163  000018  00317B      62C6       0  CODE        2
                text34                         00317B  00001B  003196      62F6       0  CODE        2
                text15                         003196  00001B  0031B1      632C       0  CODE        2
                text40                         0031B1  000020  0031D1      6362       0  CODE        2
                text50                         0031D1  000022  0031F3      63A2       0  CODE        2
                text37                         0031F3  000028  00321B      63E6       0  CODE        2
                text36                         00321B  000028  003243      6436       0  CODE        2
                text39                         003243  00002A  00326D      6486       0  CODE        2
                text25                         00326D  00002C  003299      64DA       0  CODE        2
                text27                         003299  00002E  0032C7      6532       0  CODE        2
                text23                         0032C7  000030  0032F7      658E       0  CODE        2
                text24                         0032F7  000032  003329      65EE       0  CODE        2
                text26                         003329  00003A  003363      6652       0  CODE        2
                text29                         003363  00003C  00339F      66C6       0  CODE        2
                text21                         00339F  00003C  0033DB      673E       0  CODE        2
                text31                         0033DB  000040  00341B      67B6       0  CODE        2
                text2                          00341B  000043  00345E      6836       0  CODE        2
                text4                          00345E  00004A  0034A8      68BC       0  CODE        2
                text41                         0034A8  000052  0034FA      6950       0  CODE        2
                text32                         0034FA  000052  00354C      69F4       0  CODE        2
                text3                          00354C  000053  00359F      6A98       0  CODE        2
                text38                         00359F  00005C  0035FB      6B3E       0  CODE        2
                text30                         0035FB  000079  003674      6BF6       0  CODE        2
                text51                         003674  000082  0036F6      6CE8       0  CODE        2
                text22_split_3                 0036F6  000083  003779      6DEC       0  CODE        2
                text22_split_2                 003779  000087  003800      6EF2       0  CODE        2
                config                         008007  000004  00800B     1000E       0  CONFIG      2


UNUSED ADDRESS RANGES

        Name                Unused          Largest block    Delta
        BANK1            0000DB-0000EF               15           1
        BANK10           000520-00056F               50           1
        BANK11           0005A0-0005EF               50           1
        BANK12           000620-00066F               50           1
        BANK13           0006A0-0006EF               50           1
        BANK14           000720-00076F               50           1
        BANK15           0007A0-0007EF               50           1
        BANK16           000820-00086F               50           1
        BANK17           0008A0-0008EF               50           1
        BANK18           000920-00096F               50           1
        BANK19           0009A0-0009EF               50           1
        BANK2            00016B-00016F                5           1
        BANK20           000A20-000A6F               50           1
        BANK21           000AA0-000AEF               50           1
        BANK22           000B20-000B2F               10           1
        BANK3            0001A0-0001EF               50           1
        BANK4            000220-00026F               50           1
        BANK5            0002A0-0002EF               50           1
        BANK6            000320-00036F               50           1
        BANK7            0003A0-0003EF               50           1
        BANK8            000420-00046F               50           1
        BANK9            0004A0-0004EF               50           1
        BIGRAM           002000-0027EF              7F0           1
        CODE             003018-0030AC               95           2
                         003800-003FFF              800
        CONST            003018-0030AC               95           2
                         003800-003FFF              100
        EEDATA           00F000-00F0FF              100           2
        ENTRY            003018-0030AC               95           2
                         003800-003FFF              100
        IDLOC            008000-008003                4           2
        RAM              0000DB-0000EF               15           1
                         00016B-00016F                5
                         0001A0-0001EF               50
                         000220-00026F               50
                         0002A0-0002EF               50
                         000320-00036F               50
                         0003A0-0003EF               50
                         000420-00046F               50
                         0004A0-0004EF               50
                         000520-00056F               50
                         0005A0-0005EF               50
                         000620-00066F               50
                         0006A0-0006EF               50
                         000720-00076F               50
                         0007A0-0007EF               50
                         000820-00086F               50
                         0008A0-0008EF               50
                         000920-00096F               50
                         0009A0-0009EF               50
                         000A20-000A6F               50
                         000AA0-000AEF               50
                         000B20-000B2F               10
        SFR0             000000-00001F               20           1
        SFR1             000080-00009F               20           1
        SFR10            000500-00051F               20           1
        SFR11            000580-00059F               20           1
        SFR12            000600-00061F               20           1
        SFR13            000680-00069F               20           1
        SFR14            000700-00071F               20           1
        SFR15            000780-00079F               20           1
        SFR16            000800-00081F               20           1
        SFR17            000880-00089F               20           1
        SFR18            000900-00091F               20           1
        SFR19            000980-00099F               20           1
        SFR2             000100-00011F               20           1
        SFR20            000A00-000A1F               20           1
        SFR21            000A80-000A9F               20           1
        SFR22            000B00-000B1F               20           1
        SFR23            000B80-000B9F               20           1
        SFR24            000C00-000C1F               20           1
        SFR25            000C80-000C9F               20           1
        SFR26            000D00-000D6F               70           1
        SFR27            000D80-000DEF               70           1
        SFR28            000E00-000E6F               70           1
        SFR29            000E80-000EEF               70           1
        SFR3             000180-00019F               20           1
        SFR30            000F00-000F6F               70           1
        SFR31            000F80-000FEF               70           1
        SFR4             000200-00021F               20           1
        SFR5             000280-00029F               20           1
        SFR6             000300-00031F               20           1
        SFR7             000380-00039F               20           1
        SFR8             000400-00041F               20           1
        SFR9             000480-00049F               20           1
        STACK            0020EB-0026EF              605           1
        STRCODE          003018-0030AC               95           2
                         003800-003FFF              800
        STRING           003018-0030AC               95           2
                         003800-003FFF              100

                                  Symbol Table

?_ADC_GetConversionResult            cstackBANK0  000020
?_GE_I2C2_AddrWrite                  cstackBANK0  00002E
?_GE_I2C2_ByteHLRead                 cstackBANK0  000052
?_GE_I2C2_ByteWrite                  cstackBANK0  00002F
?_GE_I2C2_HexRead                    cstackBANK0  000052
?___awdiv                            cstackBANK0  000020
?___ftadd                            cstackBANK0  00004B
?___ftdiv                            cstackBANK0  000028
?___ftmul                            cstackBANK0  000038
?___ftneg                            cstackBANK0  000048
?___ftpack                           cstackBANK0  000020
?___fttol                            cstackBANK0  000020
?___lldiv                            cstackBANK0  000020
?___llmod                            cstackBANK0  000020
?___lwtoft                           cstackBANK0  000028
?_bitset                             cstackBANK0  000020
?_get_int32                          cstackBANK0  000020
ADC_StartConversion@channel          cstackBANK0  000021
EUSART_Write@txData                  cstackBANK0  000020
GE_I2C2_AddrWrite@addlen             cstackBANK0  00002E
GE_I2C2_AddrWrite@buflen             cstackBANK0  000045
GE_I2C2_AddrWrite@dataAddress        cstackBANK0  000046
GE_I2C2_AddrWrite@i                  cstackBANK0  000047
GE_I2C2_AddrWrite@status             cstackBANK0  000049
GE_I2C2_AddrWrite@writeBuffer        cstackBANK0  000032
GE_I2C2_ByteHLRead@F7842             bssBANK1     0000A5
GE_I2C2_ByteHLRead@F7844             bssBANK1     0000A7
GE_I2C2_ByteHLRead@RegAddrH          cstackBANK0  000057
GE_I2C2_ByteHLRead@RegAddrL          cstackBANK0  000052
GE_I2C2_ByteHLRead@RegValue          cstackBANK0  00005C
GE_I2C2_ByteHLRead@dataAddr          cstackBANK0  000058
GE_I2C2_ByteHLRead@dataValue         cstackBANK0  00005A
GE_I2C2_ByteHLWrite@F7835            bssBANK1     0000A9
GE_I2C2_ByteHLWrite@F7837            bssBANK1     0000AB
GE_I2C2_ByteHLWrite@RegAddrH         cstackBANK0  000050
GE_I2C2_ByteHLWrite@RegAddrL         cstackBANK0  00004B
GE_I2C2_ByteHLWrite@RegValueH        cstackBANK0  00004C
GE_I2C2_ByteHLWrite@RegValueL        cstackBANK0  00004D
GE_I2C2_ByteHLWrite@dataAddr         cstackBANK0  000051
GE_I2C2_ByteHLWrite@dataValue        cstackBANK0  000053
GE_I2C2_ByteRead@addlen              cstackBANK0  00004B
GE_I2C2_ByteRead@check               cstackBANK0  00004E
GE_I2C2_ByteRead@data2Byte           cstackBANK0  00004A
GE_I2C2_ByteRead@dataAddress         cstackBANK0  000050
GE_I2C2_ByteRead@status              cstackBANK0  000051
GE_I2C2_ByteWrite@addlen             cstackBANK0  000030
GE_I2C2_ByteWrite@buflen             cstackBANK0  000046
GE_I2C2_ByteWrite@data2Byte          cstackBANK0  00002F
GE_I2C2_ByteWrite@dataAddress        cstackBANK0  000049
GE_I2C2_ByteWrite@i                  cstackBANK0  000047
GE_I2C2_ByteWrite@status             cstackBANK0  00004A
GE_I2C2_ByteWrite@writeBuffer        cstackBANK0  000033
GE_I2C2_HexRead@F7827                bssBANK1     0000AD
GE_I2C2_HexRead@F7829                bssBANK1     0000AF
GE_I2C2_HexRead@RegAddr              cstackBANK0  000052
GE_I2C2_HexRead@RegValue             cstackBANK0  00005B
GE_I2C2_HexRead@dataAddr             cstackBANK0  000057
GE_I2C2_HexRead@dataValue            cstackBANK0  000059
GE_I2C2_HexWrite@F7821               bssBANK1     0000B1
GE_I2C2_HexWrite@F7823               bssBANK1     0000B3
GE_I2C2_HexWrite@RegAddr             cstackBANK0  00004B
GE_I2C2_HexWrite@RegValue            cstackBANK0  00004D
GE_I2C2_HexWrite@dataAddr            cstackBANK0  000051
GE_I2C2_HexWrite@dataValue           cstackBANK0  000053
GE_I2C2_bitset@addr                  cstackBANK0  00005D
GE_I2C2_bitset@lbit                  cstackBANK0  000061
GE_I2C2_bitset@new_value             cstackBANK0  00005F
GE_I2C2_bitset@readout               cstackBANK0  000065
GE_I2C2_bitset@width                 cstackBANK0  000063
GE_reload_default@i                  cstackBANK0  000069
I2C1_ISR@i2c_data                    cstackCOMMON 000076
I2C1_StatusCallback@eepromAddress    bssBANK1     0000B5
I2C1_StatusCallback@i2c_bus_state    cstackCOMMON 000074
I2C1_StatusCallback@slaveWriteType   bssBANK0     00006B
I2C2_ISR@i2c_10bit_address_restart   bssBANK0     00006C
I2C2_ISR@i2c_address                 bssCOMMON    00007B
I2C2_ISR@i2c_bytes_left              bssBANK0     00006D
I2C2_ISR@pi2c_buf_ptr                bssBANK1     0000B7
I2C2_MasterRead@address              cstackBANK0  00002B
I2C2_MasterRead@length               cstackBANK0  00002A
I2C2_MasterRead@pdata                cstackBANK0  000028
I2C2_MasterRead@pflag                cstackBANK0  00002D
I2C2_MasterRead@trBlock              bssBANK1     0000B9
I2C2_MasterReadTRBBuild@address      cstackBANK0  000023
I2C2_MasterReadTRBBuild@length       cstackBANK0  000022
I2C2_MasterReadTRBBuild@pdata        cstackBANK0  000020
I2C2_MasterReadTRBBuild@ptrb         cstackBANK0  000027
I2C2_MasterTRBInsert@count           cstackBANK0  000023
I2C2_MasterTRBInsert@pflag           cstackBANK0  000021
I2C2_MasterTRBInsert@ptrb_list       cstackBANK0  000020
I2C2_MasterWrite@address             cstackBANK0  000028
I2C2_MasterWrite@length              cstackBANK0  000027
I2C2_MasterWrite@pdata               cstackBANK0  00002D
I2C2_MasterWrite@pflag               cstackBANK0  00002A
I2C2_MasterWrite@trBlock             bssBANK1     0000BE
I2C2_MasterWriteTRBBuild@address     cstackBANK0  000022
I2C2_MasterWriteTRBBuild@length      cstackBANK0  000021
I2C2_MasterWriteTRBBuild@pdata       cstackBANK0  000020
I2C2_MasterWriteTRBBuild@ptrb        cstackBANK0  000026
I2C2_Stop@completion_code            cstackCOMMON 000071
PIN_MANAGER_Initialize@state         cstackBANK0  000020
_ADACT                               (abs)        00009F
_ADCON0                              (abs)        00009D
_ADCON0bits                          (abs)        00009D
_ADCON1                              (abs)        00009E
_ADC_GetConversionResult             text44       0030DB
_ADC_Initialize                      text20       0030E4
_ADC_IsConversionDone                text43       0030BC
_ADC_StartConversion                 text42       003134
_ADRESH                              (abs)        00009C
_ADRESL                              (abs)        00009B
_ANSELA                              (abs)        00018C
_ANSELB                              (abs)        00018D
_ANSELC                              (abs)        00018E
_BAUD1CON                            (abs)        00019F
_CLKRCON                             (abs)        00039A
_CLKREF_Initialize                   text19       0030AE
_EEPROM_Buffer                       (abs)        0026F0
_EUSART_Initialize                   text18       0030F6
_EUSART_Write                        text33       0030CB
_FVRCON                              (abs)        000117
_FVRCONbits                          (abs)        000117
_FVR_Initialize                      text17       0030B2
_GE_I2C2_AddrWrite                   text38       00359F
_GE_I2C2_ByteHLRead                  text29       003363
_GE_I2C2_ByteHLWrite                 text27       003299
_GE_I2C2_ByteRead                    text30       0035FB
_GE_I2C2_ByteWrite                   text28       002BE8
_GE_I2C2_HexRead                     text26       003329
_GE_I2C2_HexWrite                    text25       00326D
_GE_I2C2_bitset                      text23       0032C7
_GE_reload_default                   text22       002969
_GE_set_polarity                     text21       00339F
_GIE                                 (abs)        00005F
_I2C1_ISR                            text50       0031D1
_I2C1_Initialize                     text16       001AC9
_I2C1_StatusCallback                 text51       003674
_I2C1_slaveWriteData                 dataCOMMON   00007D
_I2C2_BusCollisionISR                text49       0030AD
_I2C2_FunctionComplete               text48       00310D
_I2C2_ISR                            text46       001AD8
_I2C2_Initialize                     text15       003196
_I2C2_MasterRead                     text36       00321B
_I2C2_MasterReadTRBBuild             text37       0031F3
_I2C2_MasterTRBInsert                text41       0034A8
_I2C2_MasterWrite                    text39       003243
_I2C2_MasterWriteTRBBuild            text40       0031B1
_I2C2_Stop                           text47       00314B
_INTCONbits                          (abs)        00000B
_INTERRUPT_InterruptManager          intentry     000004
_LATA                                (abs)        00010C
_LATB                                (abs)        00010D
_LATC                                (abs)        00010E
_LATCbits                            (abs)        00010E
_OSCCON1                             (abs)        000919
_OSCCON3                             (abs)        00091B
_OSCEN                               (abs)        00091D
_OSCFRQ                              (abs)        00091F
_OSCILLATOR_Initialize               text14       0030D3
_OSCTUNE                             (abs)        00091E
_PIE1bits                            (abs)        000091
_PIE2bits                            (abs)        000092
_PIN_MANAGER_Initialize              text13       002800
_PIR1bits                            (abs)        000011
_PIR2bits                            (abs)        000012
_PPSLOCK                             (abs)        000E0F
_PPSLOCKbits                         (abs)        000E0F
_RA4PPSbits                          (abs)        000E94
_RB4PPSbits                          (abs)        000E9C
_RB5PPSbits                          (abs)        000E9D
_RB6PPSbits                          (abs)        000E9E
_RB7PPSbits                          (abs)        000E9F
_RC1REG                              (abs)        000199
_RC1STA                              (abs)        00019D
_RC1STAbits                          (abs)        00019D
_RC4PPSbits                          (abs)        000EA4
_SP1BRGH                             (abs)        00019C
_SP1BRGL                             (abs)        00019B
_SSP1ADD                             (abs)        000212
_SSP1BUF                             (abs)        000211
_SSP1CLKPPSbits                      (abs)        000E20
_SSP1CON1                            (abs)        000215
_SSP1CON1bits                        (abs)        000215
_SSP1CON2                            (abs)        000216
_SSP1CON2bits                        (abs)        000216
_SSP1CON3                            (abs)        000217
_SSP1DATPPSbits                      (abs)        000E21
_SSP1MSK                             (abs)        000213
_SSP1STAT                            (abs)        000214
_SSP1STATbits                        (abs)        000214
_SSP2ADD                             (abs)        00021A
_SSP2BUF                             (abs)        000219
_SSP2CLKPPSbits                      (abs)        000E1D
_SSP2CON1                            (abs)        00021D
_SSP2CON1bits                        (abs)        00021D
_SSP2CON2bits                        (abs)        00021E
_SSP2CON3                            (abs)        00021F
_SSP2DATPPSbits                      (abs)        000E1E
_SSP2STAT                            (abs)        00021C
_SYSTEM_Initialize                   text12       003163
_TRISA                               (abs)        00008C
_TRISB                               (abs)        00008D
_TRISC                               (abs)        00008E
_TX1REG                              (abs)        00019A
_TX1STA                              (abs)        00019E
_WPUA                                (abs)        00020C
_WPUB                                (abs)        00020D
_WPUC                                (abs)        00020E
__CFG_BOREN$OFF                      (abs)        000000
__CFG_BORV$LOW                       (abs)        000000
__CFG_CLKOUTEN$OFF                   (abs)        000000
__CFG_CP$OFF                         (abs)        000000
__CFG_CPD$OFF                        (abs)        000000
__CFG_CSWEN$ON                       (abs)        000000
__CFG_DEBUG$OFF                      (abs)        000000
__CFG_FCMEN$ON                       (abs)        000000
__CFG_FEXTOSC$OFF                    (abs)        000000
__CFG_LPBOREN$OFF                    (abs)        000000
__CFG_LVP$ON                         (abs)        000000
__CFG_MCLRE$ON                       (abs)        000000
__CFG_PPS1WAY$ON                     (abs)        000000
__CFG_PWRTE$OFF                      (abs)        000000
__CFG_RSTOSC$HFINT32                 (abs)        000000
__CFG_STVREN$ON                      (abs)        000000
__CFG_WDTE$OFF                       (abs)        000000
__CFG_WRT$OFF                        (abs)        000000
__Habs1                              abs1         000000
__Hbank0                             bank0        000000
__Hbank1                             bank1        000000
__Hbank10                            bank10       000000
__Hbank11                            bank11       000000
__Hbank12                            bank12       000000
__Hbank13                            bank13       000000
__Hbank14                            bank14       000000
__Hbank15                            bank15       000000
__Hbank16                            bank16       000000
__Hbank17                            bank17       000000
__Hbank18                            bank18       000000
__Hbank19                            bank19       000000
__Hbank2                             bank2        000000
__Hbank20                            bank20       000000
__Hbank21                            bank21       000000
__Hbank22                            bank22       000000
__Hbank23                            bank23       000000
__Hbank24                            bank24       000000
__Hbank25                            bank25       000000
__Hbank26                            bank26       000000
__Hbank27                            bank27       000000
__Hbank28                            bank28       000000
__Hbank29                            bank29       000000
__Hbank3                             bank3        000000
__Hbank30                            bank30       000000
__Hbank31                            bank31       000000
__Hbank4                             bank4        000000
__Hbank5                             bank5        000000
__Hbank6                             bank6        000000
__Hbank7                             bank7        000000
__Hbank8                             bank8        000000
__Hbank9                             bank9        000000
__Hbigram                            bigram       000000
__HbssBANK0                          bssBANK0     000000
__HbssBANK1                          bssBANK1     000000
__HbssCOMMON                         bssCOMMON    000000
__Hcinit                             cinit        000068
__Hclrtext                           clrtext      000000
__Hcode                              code         000000
__Hcommon                            common       000000
__Hconfig                            config       00800B
__HcstackBANK0                       cstackBANK0  000000
__HcstackBANK1                       cstackBANK1  000000
__HcstackBANK2                       cstackBANK2  000000
__HcstackCOMMON                      cstackCOMMON 000000
__HdataBANK1                         dataBANK1    000000
__HdataCOMMON                        dataCOMMON   000000
__Heeprom_data                       eeprom_data  000000
__Hend_init                          end_init     000030
__Hfunctab                           functab      000000
__HidataBANK1                        idataBANK1   000000
__HidataBIGRAM                       idataBIGRAM  000000
__HidataCOMMON                       idataCOMMON  000000
__Hidloc                             idloc        000000
__Hinit                              init         00002E
__Hinittext                          inittext     000000
__Hintentry                          intentry     00002E
__Hmaintext                          maintext     000000
__Hpowerup                           powerup      000000
__Hram                               ram          000000
__Hreset_vec                         reset_vec    000003
__Hsfr0                              sfr0         000000
__Hsfr1                              sfr1         000000
__Hsfr10                             sfr10        000000
__Hsfr11                             sfr11        000000
__Hsfr12                             sfr12        000000
__Hsfr13                             sfr13        000000
__Hsfr14                             sfr14        000000
__Hsfr15                             sfr15        000000
__Hsfr16                             sfr16        000000
__Hsfr17                             sfr17        000000
__Hsfr18                             sfr18        000000
__Hsfr19                             sfr19        000000
__Hsfr2                              sfr2         000000
__Hsfr20                             sfr20        000000
__Hsfr21                             sfr21        000000
__Hsfr22                             sfr22        000000
__Hsfr23                             sfr23        000000
__Hsfr24                             sfr24        000000
__Hsfr25                             sfr25        000000
__Hsfr26                             sfr26        000000
__Hsfr27                             sfr27        000000
__Hsfr28                             sfr28        000000
__Hsfr29                             sfr29        000000
__Hsfr3                              sfr3         000000
__Hsfr30                             sfr30        000000
__Hsfr31                             sfr31        000000
__Hsfr4                              sfr4         000000
__Hsfr5                              sfr5         000000
__Hsfr6                              sfr6         000000
__Hsfr7                              sfr7         000000
__Hsfr8                              sfr8         000000
__Hsfr9                              sfr9         000000
__Hspace_0                           (abs)        00800B
__Hspace_1                           (abs)        00016B
__Hspace_2                           (abs)        000000
__Hspace_3                           (abs)        000000
__Hstack                             stack        000000
__Hstrings                           strings      000000
__Hstringtext                        stringtext   000000
__Htext                              text         000000
__Labs1                              abs1         000000
__Lbank0                             bank0        000000
__Lbank1                             bank1        000000
__Lbank10                            bank10       000000
__Lbank11                            bank11       000000
__Lbank12                            bank12       000000
__Lbank13                            bank13       000000
__Lbank14                            bank14       000000
__Lbank15                            bank15       000000
__Lbank16                            bank16       000000
__Lbank17                            bank17       000000
__Lbank18                            bank18       000000
__Lbank19                            bank19       000000
__Lbank2                             bank2        000000
__Lbank20                            bank20       000000
__Lbank21                            bank21       000000
__Lbank22                            bank22       000000
__Lbank23                            bank23       000000
__Lbank24                            bank24       000000
__Lbank25                            bank25       000000
__Lbank26                            bank26       000000
__Lbank27                            bank27       000000
__Lbank28                            bank28       000000
__Lbank29                            bank29       000000
__Lbank3                             bank3        000000
__Lbank30                            bank30       000000
__Lbank31                            bank31       000000
__Lbank4                             bank4        000000
__Lbank5                             bank5        000000
__Lbank6                             bank6        000000
__Lbank7                             bank7        000000
__Lbank8                             bank8        000000
__Lbank9                             bank9        000000
__Lbigram                            bigram       000000
__LbssBANK0                          bssBANK0     000000
__LbssBANK1                          bssBANK1     000000
__LbssCOMMON                         bssCOMMON    000000
__Lcinit                             cinit        000030
__Lclrtext                           clrtext      000000
__Lcode                              code         000000
__Lcommon                            common       000000
__Lconfig                            config       008007
__LcstackBANK0                       cstackBANK0  000000
__LcstackBANK1                       cstackBANK1  000000
__LcstackBANK2                       cstackBANK2  000000
__LcstackCOMMON                      cstackCOMMON 000000
__LdataBANK1                         dataBANK1    000000
__LdataCOMMON                        dataCOMMON   000000
__Leeprom_data                       eeprom_data  000000
__Lend_init                          end_init     00002E
__Lfunctab                           functab      000000
__LidataBANK1                        idataBANK1   000000
__LidataBIGRAM                       idataBIGRAM  000000
__LidataCOMMON                       idataCOMMON  000000
__Lidloc                             idloc        000000
__Linit                              init         00002E
__Linittext                          inittext     000000
__Lintentry                          intentry     000004
__Lmaintext                          maintext     000000
__Lpowerup                           powerup      000000
__Lram                               ram          000000
__Lreset_vec                         reset_vec    000000
__Lsfr0                              sfr0         000000
__Lsfr1                              sfr1         000000
__Lsfr10                             sfr10        000000
__Lsfr11                             sfr11        000000
__Lsfr12                             sfr12        000000
__Lsfr13                             sfr13        000000
__Lsfr14                             sfr14        000000
__Lsfr15                             sfr15        000000
__Lsfr16                             sfr16        000000
__Lsfr17                             sfr17        000000
__Lsfr18                             sfr18        000000
__Lsfr19                             sfr19        000000
__Lsfr2                              sfr2         000000
__Lsfr20                             sfr20        000000
__Lsfr21                             sfr21        000000
__Lsfr22                             sfr22        000000
__Lsfr23                             sfr23        000000
__Lsfr24                             sfr24        000000
__Lsfr25                             sfr25        000000
__Lsfr26                             sfr26        000000
__Lsfr27                             sfr27        000000
__Lsfr28                             sfr28        000000
__Lsfr29                             sfr29        000000
__Lsfr3                              sfr3         000000
__Lsfr30                             sfr30        000000
__Lsfr31                             sfr31        000000
__Lsfr4                              sfr4         000000
__Lsfr5                              sfr5         000000
__Lsfr6                              sfr6         000000
__Lsfr7                              sfr7         000000
__Lsfr8                              sfr8         000000
__Lsfr9                              sfr9         000000
__Lspace_0                           (abs)        000000
__Lspace_1                           (abs)        000000
__Lspace_2                           (abs)        000000
__Lspace_3                           (abs)        000000
__Lstack                             stack        000000
__Lstrings                           strings      000000
__Lstringtext                        stringtext   000000
__Ltext                              text         000000
__S0                                 (abs)        00800B
__S1                                 (abs)        00016B
__S2                                 (abs)        000000
__S3                                 (abs)        000000
___awdiv                             text32       0034FA
___awdiv@counter                     cstackBANK0  000025
___awdiv@dividend                    cstackBANK0  000022
___awdiv@divisor                     cstackBANK0  000020
___awdiv@quotient                    cstackBANK0  000027
___awdiv@sign                        cstackBANK0  000026
___ftadd                             text10       002E0A
___ftadd@exp1                        cstackBANK0  000057
___ftadd@exp2                        cstackBANK0  000056
___ftadd@f1                          cstackBANK0  00004B
___ftadd@f2                          cstackBANK0  00004E
___ftadd@sign                        cstackBANK0  000055
___ftdiv                             text9        002A93
___ftdiv@cntr                        cstackBANK0  000032
___ftdiv@exp                         cstackBANK0  000036
___ftdiv@f1                          cstackBANK0  00002B
___ftdiv@f2                          cstackBANK0  000028
___ftdiv@f3                          cstackBANK0  000033
___ftdiv@sign                        cstackBANK0  000037
___ftmul                             text8        002C94
___ftmul@cntr                        cstackBANK0  000046
___ftmul@exp                         cstackBANK0  000042
___ftmul@f1                          cstackBANK0  000038
___ftmul@f2                          cstackBANK0  00003B
___ftmul@f3_as_product               cstackBANK0  000043
___ftmul@sign                        cstackBANK0  000047
___ftneg                             text7        0030ED
___ftneg@f1                          cstackBANK0  000048
___ftpack                            text11       00200C
___ftpack@arg                        cstackBANK0  000020
___ftpack@exp                        cstackBANK0  000023
___ftpack@sign                       cstackBANK0  000024
___fttol                             text6        00285A
___fttol@exp1                        cstackBANK0  00002D
___fttol@f1                          cstackBANK0  000020
___fttol@lval                        cstackBANK0  000029
___fttol@sign1                       cstackBANK0  000028
___int_sp                            stack        000000
___latbits                           (abs)        000003
___lldiv                             text3        00354C
___lldiv@counter                     cstackBANK0  00002D
___lldiv@dividend                    cstackBANK0  000024
___lldiv@divisor                     cstackBANK0  000020
___lldiv@quotient                    cstackBANK0  000029
___llmod                             text2        00341B
___llmod@counter                     cstackBANK0  000029
___llmod@dividend                    cstackBANK0  000024
___llmod@divisor                     cstackBANK0  000020
___lwtoft                            text5        00311F
___lwtoft@c                          cstackBANK0  000028
___sp                                stack        000000
__end_of_ADC_GetConversionResult     text44       0030E4
__end_of_ADC_Initialize              text20       0030ED
__end_of_ADC_IsConversionDone        text43       0030C3
__end_of_ADC_StartConversion         text42       00314B
__end_of_CLKREF_Initialize           text19       0030B2
__end_of_EUSART_Initialize           text18       003101
__end_of_EUSART_Write                text33       0030D3
__end_of_FVR_Initialize              text17       0030B6
__end_of_GE_I2C2_AddrWrite           text38       0035FB
__end_of_GE_I2C2_ByteHLRead          text29       00339F
__end_of_GE_I2C2_ByteHLWrite         text27       0032C7
__end_of_GE_I2C2_ByteRead            text30       003674
__end_of_GE_I2C2_ByteWrite           text28       002C94
__end_of_GE_I2C2_HexRead             text26       003363
__end_of_GE_I2C2_HexWrite            text25       003299
__end_of_GE_I2C2_bitset              text23       0032F7
__end_of_GE_reload_default           text22_split_6 0027FA
__end_of_GE_set_polarity             text21       0033DB
__end_of_I2C1_ISR                    text50       0031F3
__end_of_I2C1_Initialize             text16       001AD8
__end_of_I2C1_StatusCallback         text51       0036F6
__end_of_I2C2_BusCollisionISR        text49       0030AE
__end_of_I2C2_FunctionComplete       text48       00311F
__end_of_I2C2_ISR                    text46       001C21
__end_of_I2C2_Initialize             text15       0031B1
__end_of_I2C2_MasterRead             text36       003243
__end_of_I2C2_MasterReadTRBBuild     text37       00321B
__end_of_I2C2_MasterTRBInsert        text41       0034FA
__end_of_I2C2_MasterWrite            text39       00326D
__end_of_I2C2_MasterWriteTRBBuild    text40       0031D1
__end_of_I2C2_Stop                   text47       003163
__end_of_INTERRUPT_InterruptManager  intentry     00002E
__end_of_OSCILLATOR_Initialize       text14       0030DB
__end_of_PIN_MANAGER_Initialize      text13       00285A
__end_of_SYSTEM_Initialize           text12       00317B
__end_of___awdiv                     text32       00354C
__end_of___ftadd                     text10       002F00
__end_of___ftdiv                     text9        002B3C
__end_of___ftmul                     text8        002D48
__end_of___ftneg                     text7        0030F6
__end_of___ftpack                    text11       002071
__end_of___fttol                     text6        0028E1
__end_of___lldiv                     text3        00359F
__end_of___llmod                     text2        00345E
__end_of___lwtoft                    text5        003134
__end_of__initialization             cinit        000064
__end_of_bitset                      text24       003329
__end_of_fw_content                  stringtext   001A74
__end_of_get_int32                   text4        0034A8
__end_of_main                        maintext     002000
__end_of_script_content              stringtext   0004F8
__end_of_uart_send_byte              text35       0030CB
__end_of_uart_send_char              text34       003196
__end_of_uart_send_dec               text1        002E0A
__end_of_uart_send_hex               text31       00341B
__initialization                     cinit        000030
__pbssBANK0                          bssBANK0     00006B
__pbssBANK1                          bssBANK1     0000A0
__pbssCOMMON                         bssCOMMON    000078
__pcstackBANK0                       cstackBANK0  000020
__pcstackBANK1                       cstackBANK1  0000C6
__pcstackBANK2                       cstackBANK2  000120
__pcstackCOMMON                      cstackCOMMON 000070
__pdataBANK1                         dataBANK1    0000D5
__pdataBIGRAM                        (abs)        0026F0
__pdataCOMMON                        dataCOMMON   00007D
__pidataBANK1                        idataBANK1   0030B6
__pidataBIGRAM                       idataBIGRAM  002F00
__pidataCOMMON                       idataCOMMON  000003
__pintentry                          intentry     000004
__pmaintext                          maintext     001C21
__pstringtext                        stringtext   000068
__pswtext1                           swtext1      003000
__ptext1                             text1        002D48
__ptext10                            text10       002E0A
__ptext11                            text11       00200C
__ptext12                            text12       003163
__ptext13                            text13       002800
__ptext14                            text14       0030D3
__ptext15                            text15       003196
__ptext16                            text16       001AC9
__ptext17                            text17       0030B2
__ptext18                            text18       0030F6
__ptext19                            text19       0030AE
__ptext2                             text2        00341B
__ptext20                            text20       0030E4
__ptext21                            text21       00339F
__ptext22                            text22       002969
__ptext23                            text23       0032C7
__ptext24                            text24       0032F7
__ptext25                            text25       00326D
__ptext26                            text26       003329
__ptext27                            text27       003299
__ptext28                            text28       002BE8
__ptext29                            text29       003363
__ptext3                             text3        00354C
__ptext30                            text30       0035FB
__ptext31                            text31       0033DB
__ptext32                            text32       0034FA
__ptext33                            text33       0030CB
__ptext34                            text34       00317B
__ptext35                            text35       0030C3
__ptext36                            text36       00321B
__ptext37                            text37       0031F3
__ptext38                            text38       00359F
__ptext39                            text39       003243
__ptext4                             text4        00345E
__ptext40                            text40       0031B1
__ptext41                            text41       0034A8
__ptext42                            text42       003134
__ptext43                            text43       0030BC
__ptext44                            text44       0030DB
__ptext46                            text46       001AD8
__ptext47                            text47       00314B
__ptext48                            text48       00310D
__ptext49                            text49       0030AD
__ptext5                             text5        00311F
__ptext50                            text50       0031D1
__ptext51                            text51       003674
__ptext6                             text6        00285A
__ptext7                             text7        0030ED
__ptext8                             text8        002C94
__ptext9                             text9        002A93
__size_of_ADC_GetConversionResult    (abs)        000000
__size_of_ADC_Initialize             (abs)        000000
__size_of_ADC_IsConversionDone       (abs)        000000
__size_of_ADC_StartConversion        (abs)        000000
__size_of_CLKREF_Initialize          (abs)        000000
__size_of_EUSART_Initialize          (abs)        000000
__size_of_EUSART_Write               (abs)        000000
__size_of_FVR_Initialize             (abs)        000000
__size_of_GE_I2C2_AddrWrite          (abs)        000000
__size_of_GE_I2C2_ByteHLRead         (abs)        000000
__size_of_GE_I2C2_ByteHLWrite        (abs)        000000
__size_of_GE_I2C2_ByteRead           (abs)        000000
__size_of_GE_I2C2_ByteWrite          (abs)        000000
__size_of_GE_I2C2_HexRead            (abs)        000000
__size_of_GE_I2C2_HexWrite           (abs)        000000
__size_of_GE_I2C2_bitset             (abs)        000000
__size_of_GE_reload_default          (abs)        000000
__size_of_GE_set_polarity            (abs)        000000
__size_of_I2C1_ISR                   (abs)        000000
__size_of_I2C1_Initialize            (abs)        000000
__size_of_I2C1_StatusCallback        (abs)        000000
__size_of_I2C2_BusCollisionISR       (abs)        000000
__size_of_I2C2_FunctionComplete      (abs)        000000
__size_of_I2C2_ISR                   (abs)        000000
__size_of_I2C2_Initialize            (abs)        000000
__size_of_I2C2_MasterRead            (abs)        000000
__size_of_I2C2_MasterReadTRBBuild    (abs)        000000
__size_of_I2C2_MasterTRBInsert       (abs)        000000
__size_of_I2C2_MasterWrite           (abs)        000000
__size_of_I2C2_MasterWriteTRBBuild   (abs)        000000
__size_of_I2C2_Stop                  (abs)        000000
__size_of_INTERRUPT_InterruptManager (abs)        000000
__size_of_OSCILLATOR_Initialize      (abs)        000000
__size_of_PIN_MANAGER_Initialize     (abs)        000000
__size_of_SYSTEM_Initialize          (abs)        000000
__size_of___awdiv                    (abs)        000000
__size_of___ftadd                    (abs)        000000
__size_of___ftdiv                    (abs)        000000
__size_of___ftmul                    (abs)        000000
__size_of___ftneg                    (abs)        000000
__size_of___ftpack                   (abs)        000000
__size_of___fttol                    (abs)        000000
__size_of___lldiv                    (abs)        000000
__size_of___llmod                    (abs)        000000
__size_of___lwtoft                   (abs)        000000
__size_of_bitset                     (abs)        000000
__size_of_get_int32                  (abs)        000000
__size_of_main                       (abs)        000000
__size_of_uart_send_byte             (abs)        000000
__size_of_uart_send_char             (abs)        000000
__size_of_uart_send_dec              (abs)        000000
__size_of_uart_send_hex              (abs)        000000
_bitset                              text24       0032F7
_fw_content                          stringtext   0004F8
_get_int32                           text4        00345E
_i2c2_object                         bssBANK1     0000A0
_i2c2_state                          bssBANK0     00006E
_i2c2_tr_queue                       bssBANK1     0000C3
_i2c2_trb_count                      bssCOMMON    000078
_main                                maintext     001C21
_main$1860                           cstackBANK2  000155
_p_i2c2_current                      bssCOMMON    000079
_p_i2c2_trb_current                  bssCOMMON    00007A
_script_content                      stringtext   000068
_timeOut                             bssBANK0     00006F
_uart_send_byte                      text35       0030C3
_uart_send_char                      text34       00317B
_uart_send_dec                       text1        002D48
_uart_send_hex                       text31       0033DB
bitset@lbit                          cstackBANK0  000024
bitset@mask                          cstackBANK0  00002A
bitset@new_value                     cstackBANK0  000022
bitset@value                         cstackBANK0  000020
bitset@width                         cstackBANK0  000026
btemp                                (abs)        00007E
clear_ram0                           clrtext      003101
end_of_initialization                cinit        000064
get_int32@data                       cstackBANK0  000020
get_int32@i                          cstackBANK0  00002C
get_int32@result                     cstackBANK0  000028
init_ram                             inittext     002000
int$flags                            (abs)        00007E
intlevel0                            functab      000000
intlevel1                            functab      000000
intlevel2                            functab      000000
intlevel3                            functab      000000
intlevel4                            functab      000000
intlevel5                            functab      000000
ltemp                                (abs)        00007E
ltemp0                               (abs)        00007E
ltemp1                               (abs)        000082
ltemp2                               (abs)        000086
ltemp3                               (abs)        000080
main@AN1_Channel                     cstackBANK2  000164
main@F7854                           dataBANK1    0000D5
main@FW_regAddr_base                 cstackBANK2  000120
main@RdCheck                         cstackBANK2  000140
main@Temperature                     cstackBANK2  000167
main@TotalError                      cstackBANK2  000142
main@adc_float                       cstackBANK2  00014C
main@b_data                          cstackBANK2  000165
main@checkSum                        cstackBANK2  000132
main@checktime                       cstackBANK2  000136
main@convertedValue                  cstackBANK2  000160
main@convertedValue_HighRange        cstackBANK2  00015A
main@convertedValue_LowRange         cstackBANK2  00015C
main@counter                         cstackBANK2  000126
main@dataAddr                        cstackBANK2  00013C
main@enterPoint                      cstackBANK2  00012A
main@i                               cstackBANK2  000169
main@len                             cstackBANK2  000144
main@len_script                      cstackBANK2  000158
main@r                               cstackBANK2  00013A
main@rValue                          cstackBANK2  000162
main@ramAddr                         cstackBANK2  00012E
main@section                         cstackBANK2  00013E
main@startAddr                       cstackBANK2  000148
main@temp_abs                        cstackBANK2  000152
main@temp_float                      cstackBANK2  00014F
main@x                               cstackBANK2  00015E
pnum$text22                          (abs)        000028
pnum$text22_split_1                  (abs)        000047
pnum$text22_split_2                  (abs)        000048
pnum$text22_split_3                  (abs)        000049
pnum$text22_split_4                  (abs)        00004A
pnum$text22_split_5                  (abs)        00004B
pnum$text22_split_6                  (abs)        00004C
psplit$0                             (abs)        280047
psplit$1                             (abs)        470048
psplit$2                             (abs)        480049
psplit$3                             (abs)        49004A
psplit$4                             (abs)        4A004B
psplit$5                             (abs)        4B004C
reset_vec                            reset_vec    000000
stackhi                              (abs)        0026EF
stacklo                              (abs)        0020EB
start                                init         00002E
start_initialization                 cinit        000030
ttemp                                (abs)        00007E
ttemp0                               (abs)        00007E
ttemp1                               (abs)        000081
ttemp2                               (abs)        000084
ttemp3                               (abs)        000087
ttemp4                               (abs)        00007F
uart_send_byte@temp                  cstackBANK0  000020
uart_send_char@buffer                cstackBANK0  000020
uart_send_char@temp_ptr              cstackBANK0  000023
uart_send_dec@decValue               cstackBANK0  00002E
uart_send_hex@hexH                   cstackBANK0  00002E
uart_send_hex@hexL                   cstackBANK0  00002D
uart_send_hex@hexValue               cstackBANK0  00002C
wtemp                                (abs)        00007E
wtemp0                               (abs)        00007E
wtemp1                               (abs)        000080
wtemp2                               (abs)        000082
wtemp3                               (abs)        000084
wtemp4                               (abs)        000086
wtemp5                               (abs)        000088
wtemp6                               (abs)        00007F


FUNCTION INFORMATION:

 *************** function _main *****************
 Defined at:
		line 705 in file "main.c"
 Parameters:    Size  Location     Type
		None
 Auto vars:     Size  Location     Type
  temp_abs        3   50[BANK2 ] float 
  rValue          2   66[BANK2 ] unsigned int 
  FW_regAddr_b    6    0[BANK2 ] unsigned int [3]
  startAddr       4   40[BANK2 ] unsigned long 
  len             4   36[BANK2 ] unsigned long 
  checktime       4   22[BANK2 ] unsigned long 
  checkSum        4   18[BANK2 ] long 
  ramAddr         4   14[BANK2 ] unsigned long 
  enterPoint      4   10[BANK2 ] unsigned long 
  counter         4    6[BANK2 ] unsigned long 
  temp_float      3   47[BANK2 ] float 
  adc_float       3   44[BANK2 ] float 
  i               2   73[BANK2 ] int 
  Temperature     2   71[BANK2 ] int 
  b_data          2   69[BANK2 ] PTR const int 
		 -> fw_content(5500), 
  convertedVal    2   64[BANK2 ] unsigned int 
  x               2   62[BANK2 ] int 
  convertedVal    2   60[BANK2 ] unsigned int 
  convertedVal    2   58[BANK2 ] unsigned int 
  len_script      2   56[BANK2 ] int 
  TotalError      2   34[BANK2 ] unsigned int 
  RdCheck         2   32[BANK2 ] unsigned int 
  section         2   30[BANK2 ] int 
  dataAddr        2   28[BANK2 ] unsigned int 
  r               2   26[BANK2 ] int 
  mdioData        2    0        unsigned int 
  status          2    0        unsigned int 
  AN1_Channel     1   68[BANK2 ] enum E7656
 Return value:  Size  Location     Type
                  1    wreg      void 
 Registers used:
		wreg, fsr0l, fsr0h, fsr1l, fsr1h, status,2, status,0, pclath, cstack
 Tracked objects:
		On entry : 
		On exit  : 
		Unchanged: 
 Data sizes:     COMMON   BANK0   BANK1   BANK2   BANK3   BANK4   BANK5   BANK6   BANK7   BANK8   BANK9  BANK10  BANK11  BANK12  BANK13  BANK14  BANK15  BANK16  BANK17  BANK18  BANK19  BANK20  BANK21  BANK22  BANK23  BANK24  BANK25
      Params:         0       0       0       0       0       0       0       0       0       0       0       0       0       0       0       0       0       0       0       0       0       0       0       0       0       0       0
      Locals:         0       0       0      75       0       0       0       0       0       0       0       0       0       0       0       0       0       0       0       0       0       0       0       0       0       0       0
      Temps:          0       0      15       0       0       0       0       0       0       0       0       0       0       0       0       0       0       0       0       0       0       0       0       0       0       0       0
      Totals:         0       0      15      75       0       0       0       0       0       0       0       0       0       0       0       0       0       0       0       0       0       0       0       0       0       0       0
Total ram usage:       90 bytes
 Hardware stack levels required when called:   10
 This function calls:
		_ADC_GetConversionResult
		_ADC_Initialize
		_ADC_IsConversionDone
		_ADC_StartConversion
		_GE_I2C2_ByteHLRead
		_GE_I2C2_ByteHLWrite
		_GE_I2C2_HexWrite
		_GE_reload_default
		_GE_set_polarity
		_SYSTEM_Initialize
		___ftadd
		___ftdiv
		___ftmul
		___ftneg
		___fttol
		___lldiv
		___lwtoft
		_get_int32
		_uart_send_byte
		_uart_send_char
		_uart_send_dec
[...]
		Nothing
 This function is called by:
		_main
 This function uses a non-reentrant model


 *************** function _ADC_GetConversionResult *****************
 Defined at:
		line 104 in file "mcc_generated_files/adc.c"
 Parameters:    Size  Location     Type
		None
 Auto vars:     Size  Location     Type
		None
 Return value:  Size  Location     Type
                  2    0[BANK0 ] unsigned int 
 Registers used:
		wreg
 Tracked objects:
		On entry : 
		On exit  : 
		Unchanged: 
 Data sizes:     COMMON   BANK0   BANK1   BANK2   BANK3   BANK4   BANK5   BANK6   BANK7   BANK8   BANK9  BANK10  BANK11  BANK12  BANK13  BANK14  BANK15  BANK16  BANK17  BANK18  BANK19  BANK20  BANK21  BANK22  BANK23  BANK24  BANK25
      Params:         0       2       0       0       0       0       0       0       0       0       0       0       0       0       0       0       0       0       0       0       0       0       0       0       0       0       0
      Locals:         0       0       0       0       0       0       0       0       0       0       0       0       0       0       0       0       0       0       0       0       0       0       0       0       0       0       0
      Temps:          0       0       0       0       0       0       0       0       0       0       0       0       0       0       0       0       0       0       0       0       0       0       0       0       0       0       0
      Totals:         0       2       0       0       0       0       0       0       0       0       0       0       0       0       0       0       0       0       0       0       0       0       0       0       0       0       0
Total ram usage:        2 bytes
 Hardware stack levels used:    1
 Hardware stack levels required when called:    3
 This function calls:
		Nothing
 This function is called by:
		_main
 This function uses a non-reentrant model


 *************** function _INTERRUPT_InterruptManager *****************
 Defined at:
		line 51 in file "mcc_generated_files/interrupt_manager.c"
 Parameters:    Size  Location     Type
		None
 Auto vars:     Size  Location     Type
		None
 Return value:  Size  Location     Type
                  1    wreg      void 
 Registers used:
		wreg, fsr0l, fsr0h, fsr1l, fsr1h, status,2, status,0, pclath, cstack
 Tracked objects:
		On entry : 
		On exit  : 
		Unchanged: 
 Data sizes:     COMMON   BANK0   BANK1   BANK2   BANK3   BANK4   BANK5   BANK6   BANK7   BANK8   BANK9  BANK10  BANK11  BANK12  BANK13  BANK14  BANK15  BANK16  BANK17  BANK18  BANK19  BANK20  BANK21  BANK22  BANK23  BANK24  BANK25
      Params:         0       0       0       0       0       0       0       0       0       0       0       0       0       0       0       0       0       0       0       0       0       0       0       0       0       0       0
      Locals:         0       0       0       0       0       0       0       0       0       0       0       0       0       0       0       0       0       0       0       0       0       0       0       0       0       0       0
      Temps:          1       0       0       0       0       0       0       0       0       0       0       0       0       0       0       0       0       0       0       0       0       0       0       0       0       0       0
      Totals:         1       0       0       0       0       0       0       0       0       0       0       0       0       0       0       0       0       0       0       0       0       0       0       0       0       0       0
Total ram usage:        1 bytes
 Hardware stack levels used:    1
 Hardware stack levels required when called:    2
 This function calls:
		_I2C1_ISR
		_I2C2_BusCollisionISR
		_I2C2_ISR
 This function is called by:
		Interrupt level 1
 This function uses a non-reentrant model


 *************** function _I2C2_ISR *****************
 Defined at:
		line 233 in file "mcc_generated_files/i2c2.c"
 Parameters:    Size  Location     Type
		None
 Auto vars:     Size  Location     Type
		None
 Return value:  Size  Location     Type
                  1    wreg      void 
 Registers used:
		wreg, fsr0l, fsr0h, fsr1l, fsr1h, status,2, status,0, pclath, cstack
 Tracked objects:
		On entry : 
		On exit  : 
		Unchanged: 
 Data sizes:     COMMON   BANK0   BANK1   BANK2   BANK3   BANK4   BANK5   BANK6   BANK7   BANK8   BANK9  BANK10  BANK11  BANK12  BANK13  BANK14  BANK15  BANK16  BANK17  BANK18  BANK19  BANK20  BANK21  BANK22  BANK23  BANK24  BANK25
      Params:         0       0       0       0       0       0       0       0       0       0       0       0       0       0       0       0       0       0       0       0       0       0       0       0       0       0       0
      Locals:         0       0       0       0       0       0       0       0       0       0       0       0       0       0       0       0       0       0       0       0       0       0       0       0       0       0       0
      Temps:          4       0       0       0       0       0       0       0       0       0       0       0       0       0       0       0       0       0       0       0       0       0       0       0       0       0       0
      Totals:         4       0       0       0       0       0       0       0       0       0       0       0       0       0       0       0       0       0       0       0       0       0       0       0       0       0       0
Total ram usage:        4 bytes
 Hardware stack levels used:    1
 Hardware stack levels required when called:    1
 This function calls:
		_I2C2_FunctionComplete
		_I2C2_Stop
 This function is called by:
		_INTERRUPT_InterruptManager
 This function uses a non-reentrant model


 *************** function _I2C2_Stop *****************
 Defined at:
		line 581 in file "mcc_generated_files/i2c2.c"
 Parameters:    Size  Location     Type
  completion_c    1    wreg     enum E7648
 Auto vars:     Size  Location     Type
  completion_c    1    1[COMMON] enum E7648
 Return value:  Size  Location     Type
                  1    wreg      void 
 Registers used:
		wreg, fsr1l, fsr1h, status,2, status,0
 Tracked objects:
		On entry : 
		On exit  : 
		Unchanged: 
 Data sizes:     COMMON   BANK0   BANK1   BANK2   BANK3   BANK4   BANK5   BANK6   BANK7   BANK8   BANK9  BANK10  BANK11  BANK12  BANK13  BANK14  BANK15  BANK16  BANK17  BANK18  BANK19  BANK20  BANK21  BANK22  BANK23  BANK24  BANK25
      Params:         0       0       0       0       0       0       0       0       0       0       0       0       0       0       0       0       0       0       0       0       0       0       0       0       0       0       0
      Locals:         1       0       0       0       0       0       0       0       0       0       0       0       0       0       0       0       0       0       0       0       0       0       0       0       0       0       0
      Temps:          1       0       0       0       0       0       0       0       0       0       0       0       0       0       0       0       0       0       0       0       0       0       0       0       0       0       0
      Totals:         2       0       0       0       0       0       0       0       0       0       0       0       0       0       0       0       0       0       0       0       0       0       0       0       0       0       0
Total ram usage:        2 bytes
 Hardware stack levels used:    1
 This function calls:
		Nothing
 This function is called by:
		_I2C2_ISR
 This function uses a non-reentrant model


 *************** function _I2C2_FunctionComplete *****************
 Defined at:
		line 563 in file "mcc_generated_files/i2c2.c"
 Parameters:    Size  Location     Type
		None
 Auto vars:     Size  Location     Type
		None
 Return value:  Size  Location     Type
                  1    wreg      void 
 Registers used:
		wreg, status,2, status,0
 Tracked objects:
		On entry : 
		On exit  : 
		Unchanged: 
 Data sizes:     COMMON   BANK0   BANK1   BANK2   BANK3   BANK4   BANK5   BANK6   BANK7   BANK8   BANK9  BANK10  BANK11  BANK12  BANK13  BANK14  BANK15  BANK16  BANK17  BANK18  BANK19  BANK20  BANK21  BANK22  BANK23  BANK24  BANK25
      Params:         0       0       0       0       0       0       0       0       0       0       0       0       0       0       0       0       0       0       0       0       0       0       0       0       0       0       0
      Locals:         0       0       0       0       0       0       0       0       0       0       0       0       0       0       0       0       0       0       0       0       0       0       0       0       0       0       0
      Temps:          1       0       0       0       0       0       0       0       0       0       0       0       0       0       0       0       0       0       0       0       0       0       0       0       0       0       0
      Totals:         1       0       0       0       0       0       0       0       0       0       0       0       0       0       0       0       0       0       0       0       0       0       0       0       0       0       0
Total ram usage:        1 bytes
 Hardware stack levels used:    1
 This function calls:
		Nothing
 This function is called by:
		_I2C2_ISR
 This function uses a non-reentrant model


 *************** function _I2C2_BusCollisionISR *****************
 Defined at:
		line 728 in file "mcc_generated_files/i2c2.c"
 Parameters:    Size  Location     Type
		None
 Auto vars:     Size  Location     Type
		None
 Return value:  Size  Location     Type
                  1    wreg      void 
 Registers used:
		None
 Tracked objects:
		On entry : 
		On exit  : 
		Unchanged: 
 Data sizes:     COMMON   BANK0   BANK1   BANK2   BANK3   BANK4   BANK5   BANK6   BANK7   BANK8   BANK9  BANK10  BANK11  BANK12  BANK13  BANK14  BANK15  BANK16  BANK17  BANK18  BANK19  BANK20  BANK21  BANK22  BANK23  BANK24  BANK25
      Params:         0       0       0       0       0       0       0       0       0       0       0       0       0       0       0       0       0       0       0       0       0       0       0       0       0       0       0
      Locals:         0       0       0       0       0       0       0       0       0       0       0       0       0       0       0       0       0       0       0       0       0       0       0       0       0       0       0
      Temps:          0       0       0       0       0       0       0       0       0       0       0       0       0       0       0       0       0       0       0       0       0       0       0       0       0       0       0
      Totals:         0       0       0       0       0       0       0       0       0       0       0       0       0       0       0       0       0       0       0       0       0       0       0       0       0       0       0
Total ram usage:        0 bytes
 Hardware stack levels used:    1
 This function calls:
		Nothing
 This function is called by:
		_INTERRUPT_InterruptManager
 This function uses a non-reentrant model


 *************** function _I2C1_ISR *****************
 Defined at:
		line 108 in file "mcc_generated_files/i2c1.c"
 Parameters:    Size  Location     Type
		None
 Auto vars:     Size  Location     Type
  i2c_data        1    6[COMMON] unsigned char 
 Return value:  Size  Location     Type
                  1    wreg      void 
 Registers used:
		wreg, fsr0l, fsr0h, fsr1l, fsr1h, status,2, status,0, pclath, cstack
 Tracked objects:
		On entry : 
		On exit  : 
		Unchanged: 
 Data sizes:     COMMON   BANK0   BANK1   BANK2   BANK3   BANK4   BANK5   BANK6   BANK7   BANK8   BANK9  BANK10  BANK11  BANK12  BANK13  BANK14  BANK15  BANK16  BANK17  BANK18  BANK19  BANK20  BANK21  BANK22  BANK23  BANK24  BANK25
      Params:         0       0       0       0       0       0       0       0       0       0       0       0       0       0       0       0       0       0       0       0       0       0       0       0       0       0       0
      Locals:         1       0       0       0       0       0       0       0       0       0       0       0       0       0       0       0       0       0       0       0       0       0       0       0       0       0       0
      Temps:          1       0       0       0       0       0       0       0       0       0       0       0       0       0       0       0       0       0       0       0       0       0       0       0       0       0       0
      Totals:         2       0       0       0       0       0       0       0       0       0       0       0       0       0       0       0       0       0       0       0       0       0       0       0       0       0       0
Total ram usage:        2 bytes
 Hardware stack levels used:    1
 Hardware stack levels required when called:    1
 This function calls:
		_I2C1_StatusCallback
 This function is called by:
		_INTERRUPT_InterruptManager
 This function uses a non-reentrant model


 *************** function _I2C1_StatusCallback *****************
 Defined at:
		line 172 in file "mcc_generated_files/i2c1.c"
 Parameters:    Size  Location     Type
  i2c_bus_stat    1    wreg     enum E7648
 Auto vars:     Size  Location     Type
  i2c_bus_stat    1    4[COMMON] enum E7648
 Return value:  Size  Location     Type
                  1    wreg      void 
 Registers used:
		wreg, fsr0l, fsr0h, fsr1l, fsr1h, status,2, status,0
 Tracked objects:
		On entry : 
		On exit  : 
		Unchanged: 
 Data sizes:     COMMON   BANK0   BANK1   BANK2   BANK3   BANK4   BANK5   BANK6   BANK7   BANK8   BANK9  BANK10  BANK11  BANK12  BANK13  BANK14  BANK15  BANK16  BANK17  BANK18  BANK19  BANK20  BANK21  BANK22  BANK23  BANK24  BANK25
      Params:         0       0       0       0       0       0       0       0       0       0       0       0       0       0       0       0       0       0       0       0       0       0       0       0       0       0       0
      Locals:         1       0       0       0       0       0       0       0       0       0       0       0       0       0       0       0       0       0       0       0       0       0       0       0       0       0       0
      Temps:          4       0       0       0       0       0       0       0       0       0       0       0       0       0       0       0       0       0       0       0       0       0       0       0       0       0       0
      Totals:         5       0       0       0       0       0       0       0       0       0       0       0       0       0       0       0       0       0       0       0       0       0       0       0       0       0       0
Total ram usage:        5 bytes
 Hardware stack levels used:    1
 This function calls:
		Nothing
 This function is called by:
		_I2C1_ISR
 This function uses a non-reentrant model



MODULE INFORMATION

Module		Function		Class		Link	Load	Size
C:\Program Files (x86)\Microchip\xc8\v1.38\sources\common\float.c
		___ftpack      		CODE           	200C	0000	102

C:\Program Files (x86)\Microchip\xc8\v1.38\sources\common\float.c estimated size: 102

mcc_generated_files/fvr.c
		_FVR_Initialize		CODE           	30B2	0000	5

mcc_generated_files/fvr.c estimated size: 5

C:\Program Files (x86)\Microchip\xc8\v1.38\sources\common\llmod.c
		___llmod       		CODE           	341B	0000	68

C:\Program Files (x86)\Microchip\xc8\v1.38\sources\common\llmod.c estimated size: 68

mcc_generated_files/interrupt_manager.c
		_INTERRUPT_InterruptManager		CODE           	0004	0000	43

mcc_generated_files/interrupt_manager.c estimated size: 43

mcc_generated_files/i2c1.c
		_I2C1_StatusCallback		CODE           	3674	0000	131
		_I2C1_ISR      		CODE           	31D1	0000	35
		_I2C1_Initialize		CODE           	1AC9	0000	16

mcc_generated_files/i2c1.c estimated size: 182

C:\Program Files (x86)\Microchip\xc8\v1.38\sources\common\ftmul.c
		___ftmul       		CODE           	2C94	0000	181

C:\Program Files (x86)\Microchip\xc8\v1.38\sources\common\ftmul.c estimated size: 181

mcc_generated_files/pin_manager.c
		_PIN_MANAGER_Initialize		CODE           	2800	0000	91

mcc_generated_files/pin_manager.c estimated size: 91

C:\Program Files (x86)\Microchip\xc8\v1.38\sources\common\ftdiv.c
		___ftdiv       		CODE           	2A93	0000	170

C:\Program Files (x86)\Microchip\xc8\v1.38\sources\common\ftdiv.c estimated size: 170

mcc_generated_files/adc.c
		_ADC_Initialize		CODE           	30E4	0000	10
		_ADC_IsConversionDone		CODE           	30BC	0000	8
		_ADC_GetConversionResult		CODE           	30DB	0000	10
		_ADC_StartConversion		CODE           	3134	0000	24

mcc_generated_files/adc.c estimated size: 52

mcc_generated_files/clkref.c
		_CLKREF_Initialize		CODE           	30AE	0000	5

mcc_generated_files/clkref.c estimated size: 5

C:\Program Files (x86)\Microchip\xc8\v1.38\sources\common\awdiv.c
		___awdiv       		CODE           	34FA	0000	83

C:\Program Files (x86)\Microchip\xc8\v1.38\sources\common\awdiv.c estimated size: 83

C:\Program Files (x86)\Microchip\xc8\v1.38\sources\common\lldiv.c
		___lldiv       		CODE           	354C	0000	84

C:\Program Files (x86)\Microchip\xc8\v1.38\sources\common\lldiv.c estimated size: 84

uart_top.c
		_uart_send_dec 		CODE           	2D48	0000	195
		_uart_send_hex 		CODE           	33DB	0000	65
		_uart_send_char		CODE           	317B	0000	28
		_uart_send_byte		CODE           	30C3	0000	9

uart_top.c estimated size: 297

C:\Program Files (x86)\Microchip\xc8\v1.38\sources\common\fttol.c
		___fttol       		CODE           	285A	0000	136

C:\Program Files (x86)\Microchip\xc8\v1.38\sources\common\fttol.c estimated size: 136

shared
		_fw_content    		STRCODE        	04F8	0000	5501
		_script_content		STRCODE        	0068	0000	1169
		__initialization		CODE           	0030	0000	53

shared estimated size: 6723

C:\Program Files (x86)\Microchip\xc8\v1.38\sources\common\lwtoft.c
		___lwtoft      		CODE           	311F	0000	22

C:\Program Files (x86)\Microchip\xc8\v1.38\sources\common\lwtoft.c estimated size: 22

mcc_generated_files/mcc.c
		_OSCILLATOR_Initialize		CODE           	30D3	0000	9
		_SYSTEM_Initialize		CODE           	3163	0000	25

mcc_generated_files/mcc.c estimated size: 34

C:\Program Files (x86)\Microchip\xc8\v1.38\sources\common\ftadd.c
		___ftadd       		CODE           	2E0A	0000	247

C:\Program Files (x86)\Microchip\xc8\v1.38\sources\common\ftadd.c estimated size: 247

golden_eagle_i2c.c
		_GE_I2C2_bitset		CODE           	32C7	0000	49
		_get_int32     		CODE           	345E	0000	75
		_GE_I2C2_HexRead		CODE           	3329	0000	59
		_GE_reload_default		CODE           	2969	0000	2802
		_bitset        		CODE           	32F7	0000	51
		_GE_set_polarity		CODE           	339F	0000	61
		_GE_I2C2_ByteHLWrite		CODE           	3299	0000	47
		_GE_I2C2_ByteRead		CODE           	35FB	0000	122
		_GE_I2C2_HexWrite		CODE           	326D	0000	45
		_GE_I2C2_ByteHLRead		CODE           	3363	0000	61
		_GE_I2C2_AddrWrite		CODE           	359F	0000	93
		_GE_I2C2_ByteWrite		CODE           	2BE8	0000	173

golden_eagle_i2c.c estimated size: 3638

mcc_generated_files/i2c2.c
		_I2C2_BusCollisionISR		CODE           	30AD	0000	2
		_I2C2_MasterRead		CODE           	321B	0000	41
		_I2C2_FunctionComplete		CODE           	310D	0000	19
		_I2C2_MasterWriteTRBBuild		CODE           	31B1	0000	33
		_I2C2_ISR      		CODE           	1AD8	0000	330
		_I2C2_MasterWrite		CODE           	3243	0000	43
		_I2C2_Initialize		CODE           	3196	0000	28
		_I2C2_Stop     		CODE           	314B	0000	25
		_I2C2_MasterReadTRBBuild		CODE           	31F3	0000	41
		_I2C2_MasterTRBInsert		CODE           	34A8	0000	83

mcc_generated_files/i2c2.c estimated size: 645

mcc_generated_files/eusart.c
		_EUSART_Write  		CODE           	30CB	0000	9
		_EUSART_Initialize		CODE           	30F6	0000	12

mcc_generated_files/eusart.c estimated size: 21

main.c
		_main          		CODE           	1C21	0000	992

main.c estimated size: 992

C:\Program Files (x86)\Microchip\xc8\v1.38\sources\common\ftneg.c
		___ftneg       		CODE           	30ED	0000	10

C:\Program Files (x86)\Microchip\xc8\v1.38\sources\common\ftneg.c estimated size: 10

